Component: ARM Compiler 5.06 update 6 (build 750) Tool: armlink [4d35ed]

==============================================================================

Section Cross References

    startup_stm32f407xx.o(RESET) refers to startup_stm32f407xx.o(STACK) for __initial_sp
    startup_stm32f407xx.o(RESET) refers to startup_stm32f407xx.o(.text) for Reset_Handler
    startup_stm32f407xx.o(RESET) refers to stm32f4xx_it.o(i.NMI_Handler) for NMI_Handler
    startup_stm32f407xx.o(RESET) refers to stm32f4xx_it.o(i.HardFault_Handler) for HardFault_Handler
    startup_stm32f407xx.o(RESET) refers to stm32f4xx_it.o(i.MemManage_Handler) for MemManage_Handler
    startup_stm32f407xx.o(RESET) refers to stm32f4xx_it.o(i.BusFault_Handler) for BusFault_Handler
    startup_stm32f407xx.o(RESET) refers to stm32f4xx_it.o(i.UsageFault_Handler) for UsageFault_Handler
    startup_stm32f407xx.o(RESET) refers to port.o(.emb_text) for SVC_Handler
    startup_stm32f407xx.o(RESET) refers to stm32f4xx_it.o(i.DebugMon_Handler) for DebugMon_Handler
    startup_stm32f407xx.o(RESET) refers to port.o(i.SysTick_Handler) for SysTick_Handler
    startup_stm32f407xx.o(RESET) refers to stm32f4xx_it.o(i.DMA1_Stream0_IRQHandler) for DMA1_Stream0_IRQHandler
    startup_stm32f407xx.o(RESET) refers to stm32f4xx_it.o(i.DMA1_Stream1_IRQHandler) for DMA1_Stream1_IRQHandler
    startup_stm32f407xx.o(RESET) refers to stm32f4xx_it.o(i.DMA1_Stream2_IRQHandler) for DMA1_Stream2_IRQHandler
    startup_stm32f407xx.o(RESET) refers to stm32f4xx_it.o(i.DMA1_Stream3_IRQHandler) for DMA1_Stream3_IRQHandler
    startup_stm32f407xx.o(RESET) refers to stm32f4xx_it.o(i.DMA1_Stream4_IRQHandler) for DMA1_Stream4_IRQHandler
    startup_stm32f407xx.o(RESET) refers to stm32f4xx_it.o(i.DMA1_Stream5_IRQHandler) for DMA1_Stream5_IRQHandler
    startup_stm32f407xx.o(RESET) refers to stm32f4xx_it.o(i.DMA1_Stream6_IRQHandler) for DMA1_Stream6_IRQHandler
    startup_stm32f407xx.o(RESET) refers to stm32f4xx_it.o(i.CAN1_TX_IRQHandler) for CAN1_TX_IRQHandler
    startup_stm32f407xx.o(RESET) refers to stm32f4xx_it.o(i.CAN1_RX0_IRQHandler) for CAN1_RX0_IRQHandler
    startup_stm32f407xx.o(RESET) refers to stm32f4xx_it.o(i.CAN1_RX1_IRQHandler) for CAN1_RX1_IRQHandler
    startup_stm32f407xx.o(RESET) refers to stm32f4xx_it.o(i.CAN1_SCE_IRQHandler) for CAN1_SCE_IRQHandler
    startup_stm32f407xx.o(RESET) refers to stm32f4xx_it.o(i.TIM1_BRK_TIM9_IRQHandler) for TIM1_BRK_TIM9_IRQHandler
    startup_stm32f407xx.o(RESET) refers to stm32f4xx_it.o(i.TIM2_IRQHandler) for TIM2_IRQHandler
    startup_stm32f407xx.o(RESET) refers to stm32f4xx_it.o(i.TIM3_IRQHandler) for TIM3_IRQHandler
    startup_stm32f407xx.o(RESET) refers to stm32f4xx_it.o(i.TIM4_IRQHandler) for TIM4_IRQHandler
    startup_stm32f407xx.o(RESET) refers to stm32f4xx_it.o(i.USART1_IRQHandler) for USART1_IRQHandler
    startup_stm32f407xx.o(RESET) refers to stm32f4xx_it.o(i.USART2_IRQHandler) for USART2_IRQHandler
    startup_stm32f407xx.o(RESET) refers to stm32f4xx_it.o(i.USART3_IRQHandler) for USART3_IRQHandler
    startup_stm32f407xx.o(RESET) refers to stm32f4xx_it.o(i.TIM8_BRK_TIM12_IRQHandler) for TIM8_BRK_TIM12_IRQHandler
    startup_stm32f407xx.o(RESET) refers to stm32f4xx_it.o(i.DMA1_Stream7_IRQHandler) for DMA1_Stream7_IRQHandler
    startup_stm32f407xx.o(RESET) refers to stm32f4xx_it.o(i.TIM5_IRQHandler) for TIM5_IRQHandler
    startup_stm32f407xx.o(RESET) refers to stm32f4xx_it.o(i.UART4_IRQHandler) for UART4_IRQHandler
    startup_stm32f407xx.o(RESET) refers to stm32f4xx_it.o(i.UART5_IRQHandler) for UART5_IRQHandler
    startup_stm32f407xx.o(RESET) refers to stm32f4xx_it.o(i.DMA2_Stream1_IRQHandler) for DMA2_Stream1_IRQHandler
    startup_stm32f407xx.o(RESET) refers to stm32f4xx_it.o(i.DMA2_Stream2_IRQHandler) for DMA2_Stream2_IRQHandler
    startup_stm32f407xx.o(RESET) refers to stm32f4xx_it.o(i.CAN2_TX_IRQHandler) for CAN2_TX_IRQHandler
    startup_stm32f407xx.o(RESET) refers to stm32f4xx_it.o(i.CAN2_RX0_IRQHandler) for CAN2_RX0_IRQHandler
    startup_stm32f407xx.o(RESET) refers to stm32f4xx_it.o(i.CAN2_RX1_IRQHandler) for CAN2_RX1_IRQHandler
    startup_stm32f407xx.o(RESET) refers to stm32f4xx_it.o(i.CAN2_SCE_IRQHandler) for CAN2_SCE_IRQHandler
    startup_stm32f407xx.o(RESET) refers to stm32f4xx_it.o(i.DMA2_Stream6_IRQHandler) for DMA2_Stream6_IRQHandler
    startup_stm32f407xx.o(RESET) refers to stm32f4xx_it.o(i.DMA2_Stream7_IRQHandler) for DMA2_Stream7_IRQHandler
    startup_stm32f407xx.o(RESET) refers to stm32f4xx_it.o(i.USART6_IRQHandler) for USART6_IRQHandler
    startup_stm32f407xx.o(.text) refers to system_stm32f4xx.o(i.SystemInit) for SystemInit
    startup_stm32f407xx.o(.text) refers to entry.o(.ARM.Collect$$$$00000000) for __main
    main.o(i.HAL_TIM_PeriodElapsedCallback) refers to micro_swicth.o(i.MicroSwicth_Callback) for MicroSwicth_Callback
    main.o(i.HAL_TIM_PeriodElapsedCallback) refers to stm32f4xx_hal.o(i.HAL_IncTick) for HAL_IncTick
[...]
    .bss                                     0x200007d4   Section      360  tim.o(.bss)
    .bss                                     0x2000093c   Section     1584  usart.o(.bss)
    .bss                                     0x20000f6c   Section       72  stm32f4xx_hal_timebase_tim.o(.bss)
    .bss                                     0x20000fb4   Section       64  queue.o(.bss)
    .bss                                     0x20000ff4   Section      240  tasks.o(.bss)
    pxReadyTasksLists                        0x20000ff4   Data         140  tasks.o(.bss)
    xDelayedTaskList1                        0x20001080   Data          20  tasks.o(.bss)
    xDelayedTaskList2                        0x20001094   Data          20  tasks.o(.bss)
    xPendingReadyList                        0x200010a8   Data          20  tasks.o(.bss)
    xTasksWaitingTermination                 0x200010bc   Data          20  tasks.o(.bss)
    xSuspendedTaskList                       0x200010d0   Data          20  tasks.o(.bss)
    .bss                                     0x200010e4   Section      232  timers.o(.bss)
    xActiveTimerList1                        0x200010e4   Data          20  timers.o(.bss)
    xActiveTimerList2                        0x200010f8   Data          20  timers.o(.bss)
    xStaticTimerQueue                        0x2000110c   Data          72  timers.o(.bss)
    ucStaticTimerQueueStorage                0x20001154   Data         120  timers.o(.bss)
    .bss                                     0x200011cc   Section    15360  heap_4.o(.bss)
    ucHeap                                   0x200011cc   Data       15360  heap_4.o(.bss)
    .bss                                     0x20004dcc   Section       36  bsp_can.o(.bss)
    .bss                                     0x20004df0   Section       25  bsp_usart.o(.bss)
    .bss                                     0x20004e09   Section       46  data_scope.o(.bss)
    CK                                       0x20004e09   Data          46  data_scope.o(.bss)
    .bss                                     0x20004e38   Section       44  bsp_remote_et08.o(.bss)
    .bss                                     0x20004e64   Section       96  can_comm.o(.bss)
    .bss                                     0x20004ec8   Section      296  shoot_task.o(.bss)
    .bss                                     0x20004ff0   Section      160  reload_task.o(.bss)
    .bss                                     0x20005090   Section      296  gimbal_task.o(.bss)
    STACK                                    0x200051b8   Section     1536  startup_stm32f407xx.o(STACK)

    Global Symbols

    Symbol Name                              Value     Ov Type        Size  Object(Section)

    BuildAttributes$$THM_ISAv4$E$P$D$K$B$S$7EM$VFPi3$EXTD16$VFPS$VFMA$PE$A:L22UL41UL21$X:L11$S22US41US21$IEEE1$IW$USESV6$~STKCKD$USESV7$~SHL$OTIME$ROPI$EBA8$MICROLIB$REQ8$PRES8$EABIv2 0x00000000   Number         0  anon$$obj.o ABSOLUTE
    __ARM_use_no_argv                        0x00000000   Number         0  main.o ABSOLUTE
    __cpp_initialize__aeabi_                  - Undefined Weak Reference
    __cxa_finalize                            - Undefined Weak Reference
    __decompress                              - Undefined Weak Reference
    _clock_init                               - Undefined Weak Reference
    _microlib_exit                            - Undefined Weak Reference
    __Vectors_Size                           0x00000188   Number         0  startup_stm32f407xx.o ABSOLUTE
    __Vectors                                0x08000000   Data           4  startup_stm32f407xx.o(RESET)
    __Vectors_End                            0x08000188   Data           0  startup_stm32f407xx.o(RESET)
    __main                                   0x08000189   Thumb Code     0  entry.o(.ARM.Collect$$$$00000000)
    _main_stk                                0x08000189   Thumb Code     0  entry2.o(.ARM.Collect$$$$00000001)
    _main_scatterload                        0x0800018d   Thumb Code     0  entry5.o(.ARM.Collect$$$$00000004)
    __main_after_scatterload                 0x08000191   Thumb Code     0  entry5.o(.ARM.Collect$$$$00000004)
    _main_clock                              0x08000191   Thumb Code     0  entry7b.o(.ARM.Collect$$$$00000008)
    _main_cpp_init                           0x08000191   Thumb Code     0  entry8b.o(.ARM.Collect$$$$0000000A)
    _main_init                               0x08000191   Thumb Code     0  entry9a.o(.ARM.Collect$$$$0000000B)
    __rt_final_cpp                           0x08000199   Thumb Code     0  entry10a.o(.ARM.Collect$$$$0000000D)
    __rt_final_exit                          0x08000199   Thumb Code     0  entry11a.o(.ARM.Collect$$$$0000000F)
    SVC_Handler                              0x0800019d   Thumb Code    28  port.o(.emb_text)
    __asm___6_port_c_39a90d8d__prvStartFirstTask 0x080001bd   Thumb Code    36  port.o(.emb_text)
    __asm___6_port_c_39a90d8d__prvEnableVFP  0x080001e5   Thumb Code    16  port.o(.emb_text)
    PendSV_Handler                           0x080001f9   Thumb Code    88  port.o(.emb_text)
    vPortGetIPSR                             0x08000255   Thumb Code     6  port.o(.emb_text)
    Reset_Handler                            0x0800025d   Thumb Code     8  startup_stm32f407xx.o(.text)
    ADC_IRQHandler                           0x08000277   Thumb Code     0  startup_stm32f407xx.o(.text)
    DCMI_IRQHandler                          0x08000277   Thumb Code     0  startup_stm32f407xx.o(.text)
    DMA2_Stream0_IRQHandler                  0x08000277   Thumb Code     0  startup_stm32f407xx.o(.text)
    DMA2_Stream3_IRQHandler                  0x08000277   Thumb Code     0  startup_stm32f407xx.o(.text)
    DMA2_Stream4_IRQHandler                  0x08000277   Thumb Code     0  startup_stm32f407xx.o(.text)
    DMA2_Stream5_IRQHandler                  0x08000277   Thumb Code     0  startup_stm32f407xx.o(.text)
    ETH_IRQHandler                           0x08000277   Thumb Code     0  startup_stm32f407xx.o(.text)
    ETH_WKUP_IRQHandler                      0x08000277   Thumb Code     0  startup_stm32f407xx.o(.text)
    EXTI0_IRQHandler                         0x08000277   Thumb Code     0  startup_stm32f407xx.o(.text)
    EXTI15_10_IRQHandler                     0x08000277   Thumb Code     0  startup_stm32f407xx.o(.text)
    EXTI1_IRQHandler                         0x08000277   Thumb Code     0  startup_stm32f407xx.o(.text)
    EXTI2_IRQHandler                         0x08000277   Thumb Code     0  startup_stm32f407xx.o(.text)
    EXTI3_IRQHandler                         0x08000277   Thumb Code     0  startup_stm32f407xx.o(.text)
    EXTI4_IRQHandler                         0x08000277   Thumb Code     0  startup_stm32f407xx.o(.text)
    EXTI9_5_IRQHandler                       0x08000277   Thumb Code     0  startup_stm32f407xx.o(.text)
    FLASH_IRQHandler                         0x08000277   Thumb Code     0  startup_stm32f407xx.o(.text)
    FMC_IRQHandler                           0x08000277   Thumb Code     0  startup_stm32f407xx.o(.text)
    FPU_IRQHandler                           0x08000277   Thumb Code     0  startup_stm32f407xx.o(.text)
    HASH_RNG_IRQHandler                      0x08000277   Thumb Code     0  startup_stm32f407xx.o(.text)
    I2C1_ER_IRQHandler                       0x08000277   Thumb Code     0  startup_stm32f407xx.o(.text)
    I2C1_EV_IRQHandler                       0x08000277   Thumb Code     0  startup_stm32f407xx.o(.text)
    I2C2_ER_IRQHandler                       0x08000277   Thumb Code     0  startup_stm32f407xx.o(.text)
    I2C2_EV_IRQHandler                       0x08000277   Thumb Code     0  startup_stm32f407xx.o(.text)
    I2C3_ER_IRQHandler                       0x08000277   Thumb Code     0  startup_stm32f407xx.o(.text)
    I2C3_EV_IRQHandler                       0x08000277   Thumb Code     0  startup_stm32f407xx.o(.text)
    OTG_FS_IRQHandler                        0x08000277   Thumb Code     0  startup_stm32f407xx.o(.text)
    OTG_FS_WKUP_IRQHandler                   0x08000277   Thumb Code     0  startup_stm32f407xx.o(.text)
    OTG_HS_EP1_IN_IRQHandler                 0x08000277   Thumb Code     0  startup_stm32f407xx.o(.text)
    OTG_HS_EP1_OUT_IRQHandler                0x08000277   Thumb Code     0  startup_stm32f407xx.o(.text)
    OTG_HS_IRQHandler                        0x08000277   Thumb Code     0  startup_stm32f407xx.o(.text)
    OTG_HS_WKUP_IRQHandler                   0x08000277   Thumb Code     0  startup_stm32f407xx.o(.text)
    PVD_IRQHandler                           0x08000277   Thumb Code     0  startup_stm32f407xx.o(.text)
    RCC_IRQHandler                           0x08000277   Thumb Code     0  startup_stm32f407xx.o(.text)
    RTC_Alarm_IRQHandler                     0x08000277   Thumb Code     0  startup_stm32f407xx.o(.text)
    RTC_WKUP_IRQHandler                      0x08000277   Thumb Code     0  startup_stm32f407xx.o(.text)
    SDIO_IRQHandler                          0x08000277   Thumb Code     0  startup_stm32f407xx.o(.text)
    SPI1_IRQHandler                          0x08000277   Thumb Code     0  startup_stm32f407xx.o(.text)
    SPI2_IRQHandler                          0x08000277   Thumb Code     0  startup_stm32f407xx.o(.text)
    SPI3_IRQHandler                          0x08000277   Thumb Code     0  startup_stm32f407xx.o(.text)
    TAMP_STAMP_IRQHandler                    0x08000277   Thumb Code     0  startup_stm32f407xx.o(.text)
    TIM1_CC_IRQHandler                       0x08000277   Thumb Code     0  startup_stm32f407xx.o(.text)
    TIM1_TRG_COM_TIM11_IRQHandler            0x08000277   Thumb Code     0  startup_stm32f407xx.o(.text)
    TIM1_UP_TIM10_IRQHandler                 0x08000277   Thumb Code     0  startup_stm32f407xx.o(.text)
    TIM6_DAC_IRQHandler                      0x08000277   Thumb Code     0  startup_stm32f407xx.o(.text)
    TIM7_IRQHandler                          0x08000277   Thumb Code     0  startup_stm32f407xx.o(.text)
    TIM8_CC_IRQHandler                       0x08000277   Thumb Code     0  startup_stm32f407xx.o(.text)
    TIM8_TRG_COM_TIM14_IRQHandler            0x08000277   Thumb Code     0  startup_stm32f407xx.o(.text)
    TIM8_UP_TIM13_IRQHandler                 0x08000277   Thumb Code     0  startup_stm32f407xx.o(.text)
    WWDG_IRQHandler                          0x08000277   Thumb Code     0  startup_stm32f407xx.o(.text)
    __aeabi_uldivmod                         0x08000281   Thumb Code    98  uldiv.o(.text)
    __aeabi_memcpy                           0x080002e3   Thumb Code    36  memcpya.o(.text)
    __aeabi_memcpy4                          0x080002e3   Thumb Code     0  memcpya.o(.text)
    __aeabi_memcpy8                          0x080002e3   Thumb Code     0  memcpya.o(.text)
    __aeabi_memset                           0x08000307   Thumb Code    14  memseta.o(.text)
    __aeabi_memset4                          0x08000307   Thumb Code     0  memseta.o(.text)
    __aeabi_memset8                          0x08000307   Thumb Code     0  memseta.o(.text)
    __aeabi_memclr                           0x08000315   Thumb Code     4  memseta.o(.text)
    __aeabi_memclr4                          0x08000315   Thumb Code     0  memseta.o(.text)
    __aeabi_memclr8                          0x08000315   Thumb Code     0  memseta.o(.text)
    memset                                   0x08000319   Thumb Code    18  memseta.o(.text)
    __aeabi_dadd                             0x0800032b   Thumb Code   322  dadd.o(.text)
    __aeabi_dsub                             0x0800046d   Thumb Code     6  dadd.o(.text)
    __aeabi_drsub                            0x08000473   Thumb Code     6  dadd.o(.text)
    __aeabi_dmul                             0x08000479   Thumb Code   228  dmul.o(.text)
    __aeabi_ddiv                             0x0800055d   Thumb Code   222  ddiv.o(.text)
    __aeabi_i2d                              0x0800063b   Thumb Code    34  dflti.o(.text)
    __aeabi_f2d                              0x0800065d   Thumb Code    38  f2d.o(.text)
    __aeabi_d2f                              0x08000683   Thumb Code    56  d2f.o(.text)
    __aeabi_llsl                             0x080006bb   Thumb Code    30  llshl.o(.text)
    _ll_shift_l                              0x080006bb   Thumb Code     0  llshl.o(.text)
    __aeabi_llsr                             0x080006d9   Thumb Code    32  llushr.o(.text)
    _ll_ushift_r                             0x080006d9   Thumb Code     0  llushr.o(.text)
    __aeabi_lasr                             0x080006f9   Thumb Code    36  llsshr.o(.text)
    _ll_sshift_r                             0x080006f9   Thumb Code     0  llsshr.o(.text)
    __I$use$fp                               0x0800071d   Thumb Code     0  iusefp.o(.text)
    _float_round                             0x0800071d   Thumb Code    18  fepilogue.o(.text)
    _float_epilogue                          0x0800072f   Thumb Code    92  fepilogue.o(.text)
    _double_round                            0x0800078b   Thumb Code    30  depilogue.o(.text)
    _double_epilogue                         0x080007a9   Thumb Code   156  depilogue.o(.text)
    __scatterload                            0x08000845   Thumb Code    28  init.o(.text)
    __scatterload_rt2                        0x08000845   Thumb Code     0  init.o(.text)
    BusFault_Handler                         0x08000869   Thumb Code     4  stm32f4xx_it.o(i.BusFault_Handler)
    CAN1_RX0_IRQHandler                      0x08000921   Thumb Code    10  stm32f4xx_it.o(i.CAN1_RX0_IRQHandler)
    CAN1_RX1_IRQHandler                      0x08000931   Thumb Code    10  stm32f4xx_it.o(i.CAN1_RX1_IRQHandler)
    CAN1_SCE_IRQHandler                      0x08000941   Thumb Code    10  stm32f4xx_it.o(i.CAN1_SCE_IRQHandler)
    CAN1_TX_IRQHandler                       0x08000951   Thumb Code    10  stm32f4xx_it.o(i.CAN1_TX_IRQHandler)
    CAN2_RX0_IRQHandler                      0x08000a15   Thumb Code    10  stm32f4xx_it.o(i.CAN2_RX0_IRQHandler)
    CAN2_RX1_IRQHandler                      0x08000a25   Thumb Code    10  stm32f4xx_it.o(i.CAN2_RX1_IRQHandler)
    CAN2_SCE_IRQHandler                      0x08000a35   Thumb Code    10  stm32f4xx_it.o(i.CAN2_SCE_IRQHandler)
    CAN2_TX_IRQHandler                       0x08000a45   Thumb Code    10  stm32f4xx_it.o(i.CAN2_TX_IRQHandler)
    Can_Device_Init                          0x08000a9d   Thumb Code    50  can_comm.o(i.Can_Device_Init)
    Can_Send_Task                            0x08000ae5   Thumb Code   112  can_comm.o(i.Can_Send_Task)
    DMA1_Stream0_IRQHandler                  0x08000b59   Thumb Code    10  stm32f4xx_it.o(i.DMA1_Stream0_IRQHandler)
    DMA1_Stream1_IRQHandler                  0x08000b69   Thumb Code    10  stm32f4xx_it.o(i.DMA1_Stream1_IRQHandler)
    DMA1_Stream2_IRQHandler                  0x08000b79   Thumb Code    10  stm32f4xx_it.o(i.DMA1_Stream2_IRQHandler)
    DMA1_Stream3_IRQHandler                  0x08000b89   Thumb Code    10  stm32f4xx_it.o(i.DMA1_Stream3_IRQHandler)
    DMA1_Stream4_IRQHandler                  0x08000b99   Thumb Code    10  stm32f4xx_it.o(i.DMA1_Stream4_IRQHandler)
    DMA1_Stream5_IRQHandler                  0x08000ba9   Thumb Code    10  stm32f4xx_it.o(i.DMA1_Stream5_IRQHandler)
    DMA1_Stream6_IRQHandler                  0x08000bb9   Thumb Code    10  stm32f4xx_it.o(i.DMA1_Stream6_IRQHandler)
    DMA1_Stream7_IRQHandler                  0x08000bc9   Thumb Code    10  stm32f4xx_it.o(i.DMA1_Stream7_IRQHandler)
    DMA2_Stream1_IRQHandler                  0x08000bd9   Thumb Code    10  stm32f4xx_it.o(i.DMA2_Stream1_IRQHandler)
    DMA2_Stream2_IRQHandler                  0x08000be9   Thumb Code    10  stm32f4xx_it.o(i.DMA2_Stream2_IRQHandler)
    DMA2_Stream6_IRQHandler                  0x08000bf9   Thumb Code    10  stm32f4xx_it.o(i.DMA2_Stream6_IRQHandler)
    DMA2_Stream7_IRQHandler                  0x08000c09   Thumb Code    10  stm32f4xx_it.o(i.DMA2_Stream7_IRQHandler)
    DataScope_Get_Channel_Data               0x08000d61   Thumb Code    56  data_scope.o(i.DataScope_Get_Channel_Data)
    DataWave                                 0x08000d9d   Thumb Code    78  data_scope.o(i.DataWave)
    DataWavePkg                              0x08000df1   Thumb Code   450  debug_task.o(i.DataWavePkg)
    DebugMon_Handler                         0x08000fd5   Thumb Code     2  stm32f4xx_it.o(i.DebugMon_Handler)
    Debug_Task                               0x08000fd9   Thumb Code    34  debug_task.o(i.Debug_Task)
    Error_Handler                            0x08001001   Thumb Code     6  main.o(i.Error_Handler)
    FricMotor_Mode_Change                    0x08001025   Thumb Code    10  shoot_task.o(i.FricMotor_Mode_Change)
    Gimbal_Task                              0x080012e9   Thumb Code    46  gimbal_task.o(i.Gimbal_Task)
    HAL_CAN_ActivateNotification             0x08001321   Thumb Code    42  stm32f4xx_hal_can.o(i.HAL_CAN_ActivateNotification)
    HAL_CAN_AddTxMessage                     0x0800134b   Thumb Code   330  stm32f4xx_hal_can.o(i.HAL_CAN_AddTxMessage)
    HAL_CAN_ConfigFilter                     0x08001495   Thumb Code   286  stm32f4xx_hal_can.o(i.HAL_CAN_ConfigFilter)
    HAL_CAN_ErrorCallback                    0x080015b9   Thumb Code     2  stm32f4xx_hal_can.o(i.HAL_CAN_ErrorCallback)
    HAL_CAN_GetRxMessage                     0x080015bb   Thumb Code   404  stm32f4xx_hal_can.o(i.HAL_CAN_GetRxMessage)
    HAL_CAN_GetTxMailboxesFreeLevel          0x0800174f   Thumb Code    54  stm32f4xx_hal_can.o(i.HAL_CAN_GetTxMailboxesFreeLevel)
    HAL_CAN_IRQHandler                       0x08001785   Thumb Code   590  stm32f4xx_hal_can.o(i.HAL_CAN_IRQHandler)
    HAL_CAN_Init                             0x080019d3   Thumb Code   372  stm32f4xx_hal_can.o(i.HAL_CAN_Init)
    HAL_CAN_MspInit                          0x08001b49   Thumb Code   426  can.o(i.HAL_CAN_MspInit)
    HAL_CAN_RxFifo0FullCallback              0x08001d0d   Thumb Code     2  stm32f4xx_hal_can.o(i.HAL_CAN_RxFifo0FullCallback)
    HAL_CAN_RxFifo0MsgPendingCallback        0x08001d11   Thumb Code    42  bsp_can.o(i.HAL_CAN_RxFifo0MsgPendingCallback)
    HAL_CAN_RxFifo1FullCallback              0x08001d49   Thumb Code     2  stm32f4xx_hal_can.o(i.HAL_CAN_RxFifo1FullCallback)
    HAL_CAN_RxFifo1MsgPendingCallback        0x08001d4d   Thumb Code    42  bsp_can.o(i.HAL_CAN_RxFifo1MsgPendingCallback)
    HAL_CAN_SleepCallback                    0x08001d85   Thumb Code     2  stm32f4xx_hal_can.o(i.HAL_CAN_SleepCallback)
    HAL_CAN_Start                            0x08001d87   Thumb Code    94  stm32f4xx_hal_can.o(i.HAL_CAN_Start)
    HAL_CAN_TxMailbox0AbortCallback          0x08001de5   Thumb Code     2  stm32f4xx_hal_can.o(i.HAL_CAN_TxMailbox0AbortCallback)
    HAL_CAN_TxMailbox0CompleteCallback       0x08001de7   Thumb Code     2  stm32f4xx_hal_can.o(i.HAL_CAN_TxMailbox0CompleteCallback)
    HAL_CAN_TxMailbox1AbortCallback          0x08001de9   Thumb Code     2  stm32f4xx_hal_can.o(i.HAL_CAN_TxMailbox1AbortCallback)
    HAL_CAN_TxMailbox1CompleteCallback       0x08001deb   Thumb Code     2  stm32f4xx_hal_can.o(i.HAL_CAN_TxMailbox1CompleteCallback)
    HAL_CAN_TxMailbox2AbortCallback          0x08001ded   Thumb Code     2  stm32f4xx_hal_can.o(i.HAL_CAN_TxMailbox2AbortCallback)
    HAL_CAN_TxMailbox2CompleteCallback       0x08001def   Thumb Code     2  stm32f4xx_hal_can.o(i.HAL_CAN_TxMailbox2CompleteCallback)
    HAL_CAN_WakeUpFromRxMsgCallback          0x08001df1   Thumb Code     2  stm32f4xx_hal_can.o(i.HAL_CAN_WakeUpFromRxMsgCallback)
    HAL_DMA_Abort                            0x08001df3   Thumb Code   172  stm32f4xx_hal_dma.o(i.HAL_DMA_Abort)
    HAL_DMA_Abort_IT                         0x08001e9f   Thumb Code    40  stm32f4xx_hal_dma.o(i.HAL_DMA_Abort_IT)
    HAL_DMA_GetError                         0x08001ec7   Thumb Code     6  stm32f4xx_hal_dma.o(i.HAL_DMA_GetError)
    HAL_DMA_IRQHandler                       0x08001ecd   Thumb Code   570  stm32f4xx_hal_dma.o(i.HAL_DMA_IRQHandler)
    HAL_DMA_Init                             0x0800210d   Thumb Code   232  stm32f4xx_hal_dma.o(i.HAL_DMA_Init)
    HAL_DMA_Start_IT                         0x080021f9   Thumb Code   146  stm32f4xx_hal_dma.o(i.HAL_DMA_Start_IT)
    HAL_GPIO_Init                            0x0800228d   Thumb Code   454  stm32f4xx_hal_gpio.o(i.HAL_GPIO_Init)
    HAL_GPIO_ReadPin                         0x08002481   Thumb Code    16  stm32f4xx_hal_gpio.o(i.HAL_GPIO_ReadPin)
    HAL_GPIO_WritePin                        0x08002491   Thumb Code    12  stm32f4xx_hal_gpio.o(i.HAL_GPIO_WritePin)
    HAL_GetTick                              0x0800249d   Thumb Code     6  stm32f4xx_hal.o(i.HAL_GetTick)
    HAL_IncTick                              0x080024a9   Thumb Code    16  stm32f4xx_hal.o(i.HAL_IncTick)
    HAL_Init                                 0x080024c1   Thumb Code    54  stm32f4xx_hal.o(i.HAL_Init)
    HAL_InitTick                             0x080024fd   Thumb Code   162  stm32f4xx_hal_timebase_tim.o(i.HAL_InitTick)
    HAL_MspInit                              0x080025b1   Thumb Code    78  stm32f4xx_hal_msp.o(i.HAL_MspInit)
    HAL_NVIC_EnableIRQ                       0x08002605   Thumb Code    40  stm32f4xx_hal_cortex.o(i.HAL_NVIC_EnableIRQ)
    HAL_NVIC_SetPriority                     0x0800262d   Thumb Code   124  stm32f4xx_hal_cortex.o(i.HAL_NVIC_SetPriority)
    HAL_NVIC_SetPriorityGrouping             0x080026a9   Thumb Code    32  stm32f4xx_hal_cortex.o(i.HAL_NVIC_SetPriorityGrouping)
    HAL_RCC_ClockConfig                      0x080026d1   Thumb Code   368  stm32f4xx_hal_rcc.o(i.HAL_RCC_ClockConfig)
    HAL_RCC_GetClockConfig                   0x08002855   Thumb Code    58  stm32f4xx_hal_rcc.o(i.HAL_RCC_GetClockConfig)
    HAL_RCC_GetHCLKFreq                      0x08002899   Thumb Code     6  stm32f4xx_hal_rcc.o(i.HAL_RCC_GetHCLKFreq)
    HAL_RCC_GetPCLK1Freq                     0x080028a5   Thumb Code    22  stm32f4xx_hal_rcc.o(i.HAL_RCC_GetPCLK1Freq)
    HAL_RCC_GetPCLK2Freq                     0x080028c5   Thumb Code    22  stm32f4xx_hal_rcc.o(i.HAL_RCC_GetPCLK2Freq)
    HAL_RCC_GetSysClockFreq                  0x080028e5   Thumb Code   162  stm32f4xx_hal_rcc.o(i.HAL_RCC_GetSysClockFreq)
    HAL_RCC_OscConfig                        0x08002991   Thumb Code  1172  stm32f4xx_hal_rcc.o(i.HAL_RCC_OscConfig)
    HAL_TIMEx_BreakCallback                  0x08002e2d   Thumb Code     2  stm32f4xx_hal_tim_ex.o(i.HAL_TIMEx_BreakCallback)
    HAL_TIMEx_CommutCallback                 0x08002e2f   Thumb Code     2  stm32f4xx_hal_tim_ex.o(i.HAL_TIMEx_CommutCallback)
    HAL_TIMEx_MasterConfigSynchronization    0x08002e31   Thumb Code   150  stm32f4xx_hal_tim_ex.o(i.HAL_TIMEx_MasterConfigSynchronization)
    HAL_TIM_Base_Init                        0x08002ee5   Thumb Code   102  stm32f4xx_hal_tim.o(i.HAL_TIM_Base_Init)
    HAL_TIM_Base_MspInit                     0x08002f4d   Thumb Code   298  tim.o(i.HAL_TIM_Base_MspInit)
    HAL_TIM_Base_Start_IT                    0x08003091   Thumb Code   138  stm32f4xx_hal_tim.o(i.HAL_TIM_Base_Start_IT)
    HAL_TIM_ConfigClockSource                0x08003139   Thumb Code   268  stm32f4xx_hal_tim.o(i.HAL_TIM_ConfigClockSource)
    HAL_TIM_IC_CaptureCallback               0x08003245   Thumb Code     2  stm32f4xx_hal_tim.o(i.HAL_TIM_IC_CaptureCallback)
    HAL_TIM_IRQHandler                       0x08003247   Thumb Code   364  stm32f4xx_hal_tim.o(i.HAL_TIM_IRQHandler)
    HAL_TIM_MspPostInit                      0x080033b5   Thumb Code   282  tim.o(i.HAL_TIM_MspPostInit)
    HAL_TIM_OC_DelayElapsedCallback          0x080034ed   Thumb Code     2  stm32f4xx_hal_tim.o(i.HAL_TIM_OC_DelayElapsedCallback)
    HAL_TIM_PWM_ConfigChannel                0x080034ef   Thumb Code   260  stm32f4xx_hal_tim.o(i.HAL_TIM_PWM_ConfigChannel)
    HAL_TIM_PWM_Init                         0x080035f3   Thumb Code   102  stm32f4xx_hal_tim.o(i.HAL_TIM_PWM_Init)
    HAL_TIM_PWM_MspInit                      0x08003659   Thumb Code     2  stm32f4xx_hal_tim.o(i.HAL_TIM_PWM_MspInit)
    HAL_TIM_PWM_PulseFinishedCallback        0x0800365b   Thumb Code     2  stm32f4xx_hal_tim.o(i.HAL_TIM_PWM_PulseFinishedCallback)
    HAL_TIM_PeriodElapsedCallback            0x0800365d   Thumb Code    30  main.o(i.HAL_TIM_PeriodElapsedCallback)
    HAL_TIM_TriggerCallback                  0x08003681   Thumb Code     2  stm32f4xx_hal_tim.o(i.HAL_TIM_TriggerCallback)
    HAL_UARTEx_RxEventCallback               0x08003683   Thumb Code     2  stm32f4xx_hal_uart.o(i.HAL_UARTEx_RxEventCallback)
    HAL_UART_AbortReceive                    0x08003685   Thumb Code   196  stm32f4xx_hal_uart.o(i.HAL_UART_AbortReceive)
    HAL_UART_ErrorCallback                   0x08003749   Thumb Code     2  stm32f4xx_hal_uart.o(i.HAL_UART_ErrorCallback)
    HAL_UART_IRQHandler                      0x0800374d   Thumb Code   740  stm32f4xx_hal_uart.o(i.HAL_UART_IRQHandler)
    HAL_UART_Init                            0x08003a35   Thumb Code   118  stm32f4xx_hal_uart.o(i.HAL_UART_Init)
    HAL_UART_MspInit                         0x08003aad   Thumb Code  1624  usart.o(i.HAL_UART_MspInit)
    HAL_UART_Receive_DMA                     0x08004135   Thumb Code    44  stm32f4xx_hal_uart.o(i.HAL_UART_Receive_DMA)
    HAL_UART_RxCpltCallback                  0x08004161   Thumb Code     2  stm32f4xx_hal_uart.o(i.HAL_UART_RxCpltCallback)
    HAL_UART_RxHalfCpltCallback              0x08004163   Thumb Code     2  stm32f4xx_hal_uart.o(i.HAL_UART_RxHalfCpltCallback)
    HAL_UART_TxCpltCallback                  0x08004165   Thumb Code     2  stm32f4xx_hal_uart.o(i.HAL_UART_TxCpltCallback)
    HardFault_Handler                        0x08004167   Thumb Code     4  stm32f4xx_it.o(i.HardFault_Handler)
    MX_CAN1_Init                             0x0800416d   Thumb Code    60  can.o(i.MX_CAN1_Init)
    MX_CAN2_Init                             0x080041b1   Thumb Code    60  can.o(i.MX_CAN2_Init)
    MX_DMA_Init                              0x080041f5   Thumb Code   258  dma.o(i.MX_DMA_Init)
    MX_FREERTOS_Init                         0x080042fd   Thumb Code   182  freertos.o(i.MX_FREERTOS_Init)
    MX_GPIO_Init                             0x080043d5   Thumb Code   290  gpio.o(i.MX_GPIO_Init)
    MX_TIM12_Init                            0x08004505   Thumb Code   146  tim.o(i.MX_TIM12_Init)
    MX_TIM3_Init                             0x080045a1   Thumb Code   100  tim.o(i.MX_TIM3_Init)
    MX_TIM4_Init                             0x0800460d   Thumb Code   202  tim.o(i.MX_TIM4_Init)
    MX_TIM5_Init                             0x080046e1   Thumb Code   100  tim.o(i.MX_TIM5_Init)
    MX_TIM9_Init                             0x0800474d   Thumb Code   146  tim.o(i.MX_TIM9_Init)
    MX_UART4_Init                            0x080047e9   Thumb Code    46  usart.o(i.MX_UART4_Init)
    MX_UART5_Init                            0x08004821   Thumb Code    46  usart.o(i.MX_UART5_Init)
    MX_USART1_UART_Init                      0x08004859   Thumb Code    52  usart.o(i.MX_USART1_UART_Init)
    MX_USART2_UART_Init                      0x08004899   Thumb Code    46  usart.o(i.MX_USART2_UART_Init)
    MX_USART3_UART_Init                      0x080048d1   Thumb Code    46  usart.o(i.MX_USART3_UART_Init)
    MX_USART6_UART_Init                      0x08004909   Thumb Code    46  usart.o(i.MX_USART6_UART_Init)
    MemManage_Handler                        0x08004941   Thumb Code     4  stm32f4xx_it.o(i.MemManage_Handler)
    MicroSwicth_Callback                     0x08004945   Thumb Code    64  micro_swicth.o(i.MicroSwicth_Callback)
    ModeSwitch_Task                          0x08004995   Thumb Code    68  modeswitch_task.o(i.ModeSwitch_Task)
    NMI_Handler                              0x080049e9   Thumb Code     4  stm32f4xx_it.o(i.NMI_Handler)
    PID_Calculate                            0x080049ed   Thumb Code   364  pid.o(i.PID_Calculate)
    PID_Init                                 0x08004b5d   Thumb Code   112  pid.o(i.PID_Init)
    Reload_Task                              0x08004d51   Thumb Code    38  reload_task.o(i.Reload_Task)
    Shoot_Task                               0x08004e85   Thumb Code    48  shoot_task.o(i.Shoot_Task)
    StartDefaultTask                         0x08004ef1   Thumb Code    10  freertos.o(i.StartDefaultTask)
    SysTick_Handler                          0x08004efd   Thumb Code    46  port.o(i.SysTick_Handler)
    SystemClock_Config                       0x08004f31   Thumb Code   170  main.o(i.SystemClock_Config)
    SystemInit                               0x08004fe5   Thumb Code    14  system_stm32f4xx.o(i.SystemInit)
    TIM1_BRK_TIM9_IRQHandler                 0x08004ff9   Thumb Code    10  stm32f4xx_it.o(i.TIM1_BRK_TIM9_IRQHandler)
    TIM2_IRQHandler                          0x08005009   Thumb Code    10  stm32f4xx_it.o(i.TIM2_IRQHandler)
    TIM3_IRQHandler                          0x08005019   Thumb Code    10  stm32f4xx_it.o(i.TIM3_IRQHandler)
    TIM4_IRQHandler                          0x08005029   Thumb Code    10  stm32f4xx_it.o(i.TIM4_IRQHandler)
    TIM5_IRQHandler                          0x08005039   Thumb Code    10  stm32f4xx_it.o(i.TIM5_IRQHandler)
    TIM8_BRK_TIM12_IRQHandler                0x08005049   Thumb Code    10  stm32f4xx_it.o(i.TIM8_BRK_TIM12_IRQHandler)
    TIM_Base_SetConfig                       0x08005059   Thumb Code   186  stm32f4xx_hal_tim.o(i.TIM_Base_SetConfig)
    TIM_ETR_SetConfig                        0x08005141   Thumb Code    22  stm32f4xx_hal_tim.o(i.TIM_ETR_SetConfig)
    TIM_OC2_SetConfig                        0x080051d9   Thumb Code   114  stm32f4xx_hal_tim.o(i.TIM_OC2_SetConfig)
    UART4_IRQHandler                         0x08005371   Thumb Code    10  stm32f4xx_it.o(i.UART4_IRQHandler)
    UART5_IRQHandler                         0x08005381   Thumb Code    10  stm32f4xx_it.o(i.UART5_IRQHandler)
    UART_Start_Receive_DMA                   0x080058a9   Thumb Code   186  stm32f4xx_hal_uart.o(i.UART_Start_Receive_DMA)
    USART1_IRQHandler                        0x080059d1   Thumb Code    16  stm32f4xx_it.o(i.USART1_IRQHandler)
    USART2_IRQHandler                        0x080059e5   Thumb Code    10  stm32f4xx_it.o(i.USART2_IRQHandler)
    USART3_IRQHandler                        0x080059f5   Thumb Code    10  stm32f4xx_it.o(i.USART3_IRQHandler)
    USART6_IRQHandler                        0x08005a05   Thumb Code    10  stm32f4xx_it.o(i.USART6_IRQHandler)
    USER_UART_IDLECallback                   0x08005a15   Thumb Code    40  bsp_usart.o(i.USER_UART_IDLECallback)
    USER_UART_IRQHandler                     0x08005a49   Thumb Code    50  bsp_usart.o(i.USER_UART_IRQHandler)
    USER_UART_Init                           0x08005a7d   Thumb Code    56  bsp_usart.o(i.USER_UART_Init)
    UsageFault_Handler                       0x08005abd   Thumb Code     4  stm32f4xx_it.o(i.UsageFault_Handler)
    __scatterload_copy                       0x08005ce9   Thumb Code    14  handlers.o(i.__scatterload_copy)
    __scatterload_null                       0x08005cf7   Thumb Code     2  handlers.o(i.__scatterload_null)
    __scatterload_zeroinit                   0x08005cf9   Thumb Code    14  handlers.o(i.__scatterload_zeroinit)
    can1_send_message                        0x08005d09   Thumb Code   152  bsp_can.o(i.can1_send_message)
    can2_send_message                        0x08005da9   Thumb Code   144  bsp_can.o(i.can2_send_message)
    canx_init                                0x08005e41   Thumb Code    90  bsp_can.o(i.canx_init)
    encoder_data_handler                     0x08005ead   Thumb Code    92  dji_motor.o(i.encoder_data_handler)
    get_moto_offset                          0x080062c5   Thumb Code    16  dji_motor.o(i.get_moto_offset)
    main                                     0x080062e5   Thumb Code    94  main.o(i.main)
    osDelay                                  0x08006357   Thumb Code    24  cmsis_os.o(i.osDelay)
    osDelayUntil                             0x0800636f   Thumb Code    28  cmsis_os.o(i.osDelayUntil)
    osKernelStart                            0x0800638b   Thumb Code    10  cmsis_os.o(i.osKernelStart)
    osKernelSysTick                          0x08006395   Thumb Code    20  cmsis_os.o(i.osKernelSysTick)
    osSignalSet                              0x080063a9   Thumb Code    92  cmsis_os.o(i.osSignalSet)
    osSignalWait                             0x08006409   Thumb Code    98  cmsis_os.o(i.osSignalWait)
    osThreadCreate                           0x0800646b   Thumb Code    94  cmsis_os.o(i.osThreadCreate)
    pvPortMalloc                             0x08006ed5   Thumb Code   306  heap_4.o(i.pvPortMalloc)
    pxPortInitialiseStack                    0x08007021   Thumb Code    38  port.o(i.pxPortInitialiseStack)
    sbus_callback_handler                    0x0800704d   Thumb Code   316  bsp_remote_et08.o(i.sbus_callback_handler)
    uxListRemove                             0x080073f1   Thumb Code    40  list.o(i.uxListRemove)
    vApplicationGetIdleTaskMemory            0x08007419   Thumb Code    14  freertos.o(i.vApplicationGetIdleTaskMemory)
    vApplicationGetTimerTaskMemory           0x08007431   Thumb Code    16  freertos.o(i.vApplicationGetTimerTaskMemory)
    vListInitialise                          0x08007449   Thumb Code    26  list.o(i.vListInitialise)
    vListInitialiseItem                      0x08007463   Thumb Code     6  list.o(i.vListInitialiseItem)
    vListInsert                              0x08007469   Thumb Code    52  list.o(i.vListInsert)
    vListInsertEnd                           0x0800749d   Thumb Code    24  list.o(i.vListInsertEnd)
    vPortEnterCritical                       0x080074b5   Thumb Code    76  port.o(i.vPortEnterCritical)
    vPortExitCritical                        0x08007509   Thumb Code    56  port.o(i.vPortExitCritical)
    vPortFree                                0x08007545   Thumb Code   150  heap_4.o(i.vPortFree)
    vPortSetupTimerInterrupt                 0x080075e9   Thumb Code    36  port.o(i.vPortSetupTimerInterrupt)
    vPortValidateInterruptPriority           0x08007611   Thumb Code   106  port.o(i.vPortValidateInterruptPriority)
    vQueueAddToRegistry                      0x08007689   Thumb Code    38  queue.o(i.vQueueAddToRegistry)
    vQueueWaitForMessageRestricted           0x080076b5   Thumb Code    74  queue.o(i.vQueueWaitForMessageRestricted)
    vTaskDelay                               0x08007701   Thumb Code    82  tasks.o(i.vTaskDelay)
    vTaskDelayUntil                          0x0800775d   Thumb Code   200  tasks.o(i.vTaskDelayUntil)
    vTaskInternalSetTimeOutState             0x08007831   Thumb Code    14  tasks.o(i.vTaskInternalSetTimeOutState)
    vTaskMissedYield                         0x08007849   Thumb Code     8  tasks.o(i.vTaskMissedYield)
    vTaskPlaceOnEventList                    0x08007855   Thumb Code    52  tasks.o(i.vTaskPlaceOnEventList)
    vTaskPlaceOnEventListRestricted          0x0800788d   Thumb Code    60  tasks.o(i.vTaskPlaceOnEventListRestricted)
    vTaskStartScheduler                      0x080078cd   Thumb Code   156  tasks.o(i.vTaskStartScheduler)
    vTaskSuspendAll                          0x08007985   Thumb Code    12  tasks.o(i.vTaskSuspendAll)
    vTaskSwitchContext                       0x08007995   Thumb Code   118  tasks.o(i.vTaskSwitchContext)
    xPortStartScheduler                      0x08007a21   Thumb Code   330  port.o(i.xPortStartScheduler)
    xQueueGenericCreateStatic                0x08007b89   Thumb Code   224  queue.o(i.xQueueGenericCreateStatic)
    xQueueGenericReset                       0x08007c69   Thumb Code   146  queue.o(i.xQueueGenericReset)
    xQueueGenericSend                        0x08007d01   Thumb Code   420  queue.o(i.xQueueGenericSend)
    xQueueGenericSendFromISR                 0x08007ea9   Thumb Code   252  queue.o(i.xQueueGenericSendFromISR)
    xQueueReceive                            0x08007fa5   Thumb Code   356  queue.o(i.xQueueReceive)
    xTaskCheckForTimeOut                     0x0800810d   Thumb Code   132  tasks.o(i.xTaskCheckForTimeOut)
    xTaskCreate                              0x08008199   Thumb Code   100  tasks.o(i.xTaskCreate)
    xTaskCreateStatic                        0x080081fd   Thumb Code   186  tasks.o(i.xTaskCreateStatic)
    xTaskGenericNotify                       0x080082b9   Thumb Code   280  tasks.o(i.xTaskGenericNotify)
    xTaskGenericNotifyFromISR                0x080083e1   Thumb Code   334  tasks.o(i.xTaskGenericNotifyFromISR)
    xTaskGetSchedulerState                   0x08008549   Thumb Code    24  tasks.o(i.xTaskGetSchedulerState)
    xTaskGetTickCount                        0x08008569   Thumb Code     6  tasks.o(i.xTaskGetTickCount)
    xTaskGetTickCountFromISR                 0x08008575   Thumb Code    16  tasks.o(i.xTaskGetTickCountFromISR)
    xTaskIncrementTick                       0x08008589   Thumb Code   282  tasks.o(i.xTaskIncrementTick)
    xTaskNotifyWait                          0x080086d1   Thumb Code   150  tasks.o(i.xTaskNotifyWait)
    xTaskPriorityDisinherit                  0x08008771   Thumb Code   188  tasks.o(i.xTaskPriorityDisinherit)
    xTaskRemoveFromEventList                 0x08008839   Thumb Code   128  tasks.o(i.xTaskRemoveFromEventList)
    xTaskResumeAll                           0x080088d1   Thumb Code   224  tasks.o(i.xTaskResumeAll)
    xTimerCreateTimerTask                    0x080089d5   Thumb Code   100  timers.o(i.xTimerCreateTimerTask)
    xTimerGenericCommand                     0x08008a4d   Thumb Code   126  timers.o(i.xTimerGenericCommand)
    AHBPrescTable                            0x08008b9c   Data          16  system_stm32f4xx.o(.constdata)
    APBPrescTable                            0x08008bac   Data           8  system_stm32f4xx.o(.constdata)
    Region$$Table$$Base                      0x08008c38   Number         0  anon$$obj.o(Region$$Table)
    Region$$Table$$Limit                     0x08008c58   Number         0  anon$$obj.o(Region$$Table)
    defaultTaskHandle                        0x20000000   Data           4  freertos.o(.data)
    can_send_task_handle                     0x20000004   Data           4  freertos.o(.data)
    shoot_task_handle                        0x20000008   Data           4  freertos.o(.data)
    reload_task_handle                       0x2000000c   Data           4  freertos.o(.data)
    giambal_task_handle                      0x20000010   Data           4  freertos.o(.data)
    modeswitch_task_handle                   0x20000014   Data           4  freertos.o(.data)
    debug_task_handle                        0x20000018   Data           4  freertos.o(.data)
    uwTick                                   0x20000020   Data           4  stm32f4xx_hal.o(.data)
    uwTickPrio                               0x20000024   Data           4  stm32f4xx_hal.o(.data)
    uwTickFreq                               0x20000028   Data           1  stm32f4xx_hal.o(.data)
    SystemCoreClock                          0x2000002c   Data           4  system_stm32f4xx.o(.data)
    pxCurrentTCB                             0x20000030   Data           4  tasks.o(.data)
    motor_current                            0x200000bc   Data           8  can_comm.o(.data)
    gimbal_zero                              0x200000c6   Data           1  micro_swicth.o(.data)
    reload_zero                              0x200000c7   Data           1  micro_swicth.o(.data)
    shoot_fsm                                0x200000cc   Data           8  shoot_task.o(.data)
    motor_type                               0x200000d5   Data           1  debug_task.o(.data)
    ctrl_mode                                0x200000d6   Data           1  modeswitch_task.o(.data)
    lock_flag                                0x200000d7   Data           1  modeswitch_task.o(.data)
    last_vision_flag                         0x200000d8   Data           1  modeswitch_task.o(.data)
    vision_flag                              0x200000d9   Data           1  modeswitch_task.o(.data)
    hcan1                                    0x20000784   Data          40  can.o(.bss)
    hcan2                                    0x200007ac   Data          40  can.o(.bss)
    htim3                                    0x200007d4   Data          72  tim.o(.bss)
    htim4                                    0x2000081c   Data          72  tim.o(.bss)
    htim5                                    0x20000864   Data          72  tim.o(.bss)
    htim9                                    0x200008ac   Data          72  tim.o(.bss)
    htim12                                   0x200008f4   Data          72  tim.o(.bss)
    huart4                                   0x2000093c   Data          72  usart.o(.bss)
    huart5                                   0x20000984   Data          72  usart.o(.bss)
    huart1                                   0x200009cc   Data          72  usart.o(.bss)
    huart2                                   0x20000a14   Data          72  usart.o(.bss)
    huart3                                   0x20000a5c   Data          72  usart.o(.bss)
    huart6                                   0x20000aa4   Data          72  usart.o(.bss)
    hdma_uart4_rx                            0x20000aec   Data          96  usart.o(.bss)
    hdma_uart4_tx                            0x20000b4c   Data          96  usart.o(.bss)
    hdma_uart5_rx                            0x20000bac   Data          96  usart.o(.bss)
    hdma_uart5_tx                            0x20000c0c   Data          96  usart.o(.bss)
    hdma_usart1_rx                           0x20000c6c   Data          96  usart.o(.bss)
    hdma_usart1_tx                           0x20000ccc   Data          96  usart.o(.bss)
    hdma_usart2_rx                           0x20000d2c   Data          96  usart.o(.bss)
    hdma_usart2_tx                           0x20000d8c   Data          96  usart.o(.bss)
    hdma_usart3_rx                           0x20000dec   Data          96  usart.o(.bss)
    hdma_usart3_tx                           0x20000e4c   Data          96  usart.o(.bss)
    hdma_usart6_tx                           0x20000eac   Data          96  usart.o(.bss)
    hdma_usart6_rx                           0x20000f0c   Data          96  usart.o(.bss)
    htim2                                    0x20000f6c   Data          72  stm32f4xx_hal_timebase_tim.o(.bss)
    xQueueRegistry                           0x20000fb4   Data          64  queue.o(.bss)
    can_rx_data                              0x20004dcc   Data          36  bsp_can.o(.bss)
    dma_dbus_buf                             0x20004df0   Data          25  bsp_usart.o(.bss)
    SBUS                                     0x20004e38   Data          44  bsp_remote_et08.o(.bss)
    fric_motor_data                          0x20004e64   Data          48  can_comm.o(.bss)
    reload_motor_data                        0x20004e94   Data          24  can_comm.o(.bss)
    gimbal_motor_data                        0x20004eac   Data          24  can_comm.o(.bss)
    fric_motor_pid_t                         0x20004ec8   Data         272  shoot_task.o(.bss)
    shoot                                    0x20004fd8   Data          24  shoot_task.o(.bss)
    reload                                   0x20004ff0   Data          24  reload_task.o(.bss)
    reload_spd_pid_t                         0x20005008   Data         136  reload_task.o(.bss)
    gimbal                                   0x20005090   Data          20  gimbal_task.o(.bss)
    gimbal_spd_pid_t                         0x200050a8   Data         136  gimbal_task.o(.bss)
    gimbal_pos_pid_t                         0x20005130   Data         136  gimbal_task.o(.bss)
    __initial_sp                             0x200057b8   Data           0  startup_stm32f407xx.o(STACK)



==============================================================================

Memory Map of the image

  Image Entry point : 0x08000189

  Load Region LR_IROM1 (Base: 0x08000000, Size: 0x00008d34, Max: 0x00080000, ABSOLUTE)

    Execution Region ER_IROM1 (Exec base: 0x08000000, Load base: 0x08000000, Size: 0x00008c58, Max: 0x00080000, ABSOLUTE)

    Exec Addr    Load Addr    Size         Type   Attr      Idx    E Section Name        Object

    0x08000000   0x08000000   0x00000188   Data   RO            3    RESET               startup_stm32f407xx.o
    0x08000188   0x08000188   0x00000000   Code   RO         5917  * .ARM.Collect$$$$00000000  mc_w.l(entry.o)
    0x08000188   0x08000188   0x00000004   Code   RO         5942    .ARM.Collect$$$$00000001  mc_w.l(entry2.o)
    0x0800018c   0x0800018c   0x00000004   Code   RO         5945    .ARM.Collect$$$$00000004  mc_w.l(entry5.o)
    0x08000190   0x08000190   0x00000000   Code   RO         5947    .ARM.Collect$$$$00000008  mc_w.l(entry7b.o)
    0x08000190   0x08000190   0x00000000   Code   RO         5949    .ARM.Collect$$$$0000000A  mc_w.l(entry8b.o)
    0x08000190   0x08000190   0x00000008   Code   RO         5950    .ARM.Collect$$$$0000000B  mc_w.l(entry9a.o)
    0x08000198   0x08000198   0x00000000   Code   RO         5952    .ARM.Collect$$$$0000000D  mc_w.l(entry10a.o)
    0x08000198   0x08000198   0x00000000   Code   RO         5954    .ARM.Collect$$$$0000000F  mc_w.l(entry11a.o)
    0x08000198   0x08000198   0x00000004   Code   RO         5943    .ARM.Collect$$$$00002712  mc_w.l(entry2.o)
    0x0800019c   0x0800019c   0x000000be   Code   RO         5090    .emb_text           port.o
    0x0800025a   0x0800025a   0x00000002   PAD
    0x0800025c   0x0800025c   0x00000024   Code   RO            4    .text               startup_stm32f407xx.o
    0x08000280   0x08000280   0x00000062   Code   RO         5920    .text               mc_w.l(uldiv.o)
    0x080002e2   0x080002e2   0x00000024   Code   RO         5922    .text               mc_w.l(memcpya.o)
    0x08000306   0x08000306   0x00000024   Code   RO         5926    .text               mc_w.l(memseta.o)
    0x0800032a   0x0800032a   0x0000014e   Code   RO         5930    .text               mf_w.l(dadd.o)
    0x08000478   0x08000478   0x000000e4   Code   RO         5932    .text               mf_w.l(dmul.o)
    0x0800055c   0x0800055c   0x000000de   Code   RO         5934    .text               mf_w.l(ddiv.o)
    0x0800063a   0x0800063a   0x00000022   Code   RO         5936    .text               mf_w.l(dflti.o)
    0x0800065c   0x0800065c   0x00000026   Code   RO         5938    .text               mf_w.l(f2d.o)
    0x08000682   0x08000682   0x00000038   Code   RO         5940    .text               mf_w.l(d2f.o)
    0x080006ba   0x080006ba   0x0000001e   Code   RO         5956    .text               mc_w.l(llshl.o)
    0x080006d8   0x080006d8   0x00000020   Code   RO         5958    .text               mc_w.l(llushr.o)
    0x080006f8   0x080006f8   0x00000024   Code   RO         5960    .text               mc_w.l(llsshr.o)
    0x0800071c   0x0800071c   0x00000000   Code   RO         5962    .text               mc_w.l(iusefp.o)
    0x0800071c   0x0800071c   0x0000006e   Code   RO         5963    .text               mf_w.l(fepilogue.o)
    0x0800078a   0x0800078a   0x000000ba   Code   RO         5965    .text               mf_w.l(depilogue.o)
    0x08000844   0x08000844   0x00000024   Code   RO         5967    .text               mc_w.l(init.o)
    0x08000868   0x08000868   0x00000004   Code   RO          548    i.BusFault_Handler  stm32f4xx_it.o
    0x0800086c   0x0800086c   0x00000026   Code   RO         5170    i.CAN1_FilterEnd_Config  bsp_can.o
    0x08000892   0x08000892   0x0000008c   Code   RO         5171    i.CAN1_IDList_Config  bsp_can.o
    0x0800091e   0x0800091e   0x00000002   PAD
    0x08000920   0x08000920   0x00000010   Code   RO          549    i.CAN1_RX0_IRQHandler  stm32f4xx_it.o
    0x08000930   0x08000930   0x00000010   Code   RO          550    i.CAN1_RX1_IRQHandler  stm32f4xx_it.o
    0x08000940   0x08000940   0x00000010   Code   RO          551    i.CAN1_SCE_IRQHandler  stm32f4xx_it.o
    0x08000950   0x08000950   0x00000010   Code   RO          552    i.CAN1_TX_IRQHandler  stm32f4xx_it.o
    0x08000960   0x08000960   0x00000026   Code   RO         5172    i.CAN2_FilterEnd_Config  bsp_can.o
    0x08000986   0x08000986   0x0000008c   Code   RO         5173    i.CAN2_IDList_Config  bsp_can.o
    0x08000a12   0x08000a12   0x00000002   PAD
    0x08000a14   0x08000a14   0x00000010   Code   RO          553    i.CAN2_RX0_IRQHandler  stm32f4xx_it.o
    0x08000a24   0x08000a24   0x00000010   Code   RO          554    i.CAN2_RX1_IRQHandler  stm32f4xx_it.o
    0x08000a34   0x08000a34   0x00000010   Code   RO          555    i.CAN2_SCE_IRQHandler  stm32f4xx_it.o
    0x08000a44   0x08000a44   0x00000010   Code   RO          556    i.CAN2_TX_IRQHandler  stm32f4xx_it.o
    0x08000a54   0x08000a54   0x00000048   Code   RO         5174    i.CAN_Filter_IDList_Config  bsp_can.o
    0x08000a9c   0x08000a9c   0x00000048   Code   RO         5410    i.Can_Device_Init   can_comm.o
    0x08000ae4   0x08000ae4   0x00000074   Code   RO         5411    i.Can_Send_Task     can_comm.o
    0x08000b58   0x08000b58   0x00000010   Code   RO          557    i.DMA1_Stream0_IRQHandler  stm32f4xx_it.o
    0x08000b68   0x08000b68   0x00000010   Code   RO          558    i.DMA1_Stream1_IRQHandler  stm32f4xx_it.o
    0x08000b78   0x08000b78   0x00000010   Code   RO          559    i.DMA1_Stream2_IRQHandler  stm32f4xx_it.o
    0x08000b88   0x08000b88   0x00000010   Code   RO          560    i.DMA1_Stream3_IRQHandler  stm32f4xx_it.o
    0x08000b98   0x08000b98   0x00000010   Code   RO          561    i.DMA1_Stream4_IRQHandler  stm32f4xx_it.o
    0x08000ba8   0x08000ba8   0x00000010   Code   RO          562    i.DMA1_Stream5_IRQHandler  stm32f4xx_it.o
    0x08000bb8   0x08000bb8   0x00000010   Code   RO          563    i.DMA1_Stream6_IRQHandler  stm32f4xx_it.o
    0x08000bc8   0x08000bc8   0x00000010   Code   RO          564    i.DMA1_Stream7_IRQHandler  stm32f4xx_it.o
    0x08000bd8   0x08000bd8   0x00000010   Code   RO          565    i.DMA2_Stream1_IRQHandler  stm32f4xx_it.o
    0x08000be8   0x08000be8   0x00000010   Code   RO          566    i.DMA2_Stream2_IRQHandler  stm32f4xx_it.o
    0x08000bf8   0x08000bf8   0x00000010   Code   RO          567    i.DMA2_Stream6_IRQHandler  stm32f4xx_it.o
    0x08000c08   0x08000c08   0x00000010   Code   RO          568    i.DMA2_Stream7_IRQHandler  stm32f4xx_it.o
    0x08000c18   0x08000c18   0x00000034   Code   RO         2583    i.DMA_CalcBaseAndBitshift  stm32f4xx_hal_dma.o
    0x08000c4c   0x08000c4c   0x000000aa   Code   RO         2584    i.DMA_CheckFifoParam  stm32f4xx_hal_dma.o
    0x08000cf6   0x08000cf6   0x0000002c   Code   RO         2585    i.DMA_SetConfig     stm32f4xx_hal_dma.o
    0x08000d22   0x08000d22   0x00000002   PAD
    0x08000d24   0x08000d24   0x0000003c   Code   RO         5324    i.DataScope_Data_Generate  data_scope.o
    0x08000d60   0x08000d60   0x0000003c   Code   RO         5325    i.DataScope_Get_Channel_Data  data_scope.o
    0x08000d9c   0x08000d9c   0x00000054   Code   RO         5326    i.DataWave          data_scope.o
    0x08000df0   0x08000df0   0x000001e4   Code   RO         5605    i.DataWavePkg       debug_task.o
    0x08000fd4   0x08000fd4   0x00000002   Code   RO          569    i.DebugMon_Handler  stm32f4xx_it.o
    0x08000fd6   0x08000fd6   0x00000002   PAD
    0x08000fd8   0x08000fd8   0x00000028   Code   RO         5606    i.Debug_Task        debug_task.o
    0x08001000   0x08001000   0x00000006   Code   RO           13    i.Error_Handler     main.o
    0x08001006   0x08001006   0x0000001c   Code   RO         5328    i.Float2Byte        data_scope.o
    0x08001022   0x08001022   0x00000002   PAD
    0x08001024   0x08001024   0x00000014   Code   RO         5495    i.FricMotor_Mode_Change  shoot_task.o
    0x08001038   0x08001038   0x000000c0   Code   RO         5714    i.Gimbal_Control    gimbal_task.o
    0x080010f8   0x080010f8   0x00000014   Code   RO         5715    i.Gimbal_Current_Set  gimbal_task.o
    0x0800110c   0x0800110c   0x00000030   Code   RO         5716    i.Gimbal_Data_Update  gimbal_task.o
    0x0800113c   0x0800113c   0x00000084   Code   RO         5717    i.Gimbal_Found_Zero  gimbal_task.o
    0x080011c0   0x080011c0   0x00000058   Code   RO         5718    i.Gimbal_Mode_Change  gimbal_task.o
    0x08001218   0x08001218   0x0000007c   Code   RO         5719    i.Gimbal_Motor_Init  gimbal_task.o
    0x08001294   0x08001294   0x00000054   Code   RO         5720    i.Gimbal_Pid_Cal    gimbal_task.o
    0x080012e8   0x080012e8   0x00000038   Code   RO         5721    i.Gimbal_Task       gimbal_task.o
    0x08001320   0x08001320   0x0000002a   Code   RO         1846    i.HAL_CAN_ActivateNotification  stm32f4xx_hal_can.o
    0x0800134a   0x0800134a   0x0000014a   Code   RO         1847    i.HAL_CAN_AddTxMessage  stm32f4xx_hal_can.o
    0x08001494   0x08001494   0x00000124   Code   RO         1848    i.HAL_CAN_ConfigFilter  stm32f4xx_hal_can.o
    0x080015b8   0x080015b8   0x00000002   Code   RO         1851    i.HAL_CAN_ErrorCallback  stm32f4xx_hal_can.o
    0x080015ba   0x080015ba   0x00000194   Code   RO         1854    i.HAL_CAN_GetRxMessage  stm32f4xx_hal_can.o
    0x0800174e   0x0800174e   0x00000036   Code   RO         1856    i.HAL_CAN_GetTxMailboxesFreeLevel  stm32f4xx_hal_can.o
    0x08001784   0x08001784   0x0000024e   Code   RO         1858    i.HAL_CAN_IRQHandler  stm32f4xx_hal_can.o
    0x080019d2   0x080019d2   0x00000174   Code   RO         1859    i.HAL_CAN_Init      stm32f4xx_hal_can.o
    0x08001b46   0x08001b46   0x00000002   PAD
    0x08001b48   0x08001b48   0x000001c4   Code   RO          332    i.HAL_CAN_MspInit   can.o
    0x08001d0c   0x08001d0c   0x00000002   Code   RO         1866    i.HAL_CAN_RxFifo0FullCallback  stm32f4xx_hal_can.o
    0x08001d0e   0x08001d0e   0x00000002   PAD
    0x08001d10   0x08001d10   0x00000038   Code   RO         5175    i.HAL_CAN_RxFifo0MsgPendingCallback  bsp_can.o
    0x08001d48   0x08001d48   0x00000002   Code   RO         1868    i.HAL_CAN_RxFifo1FullCallback  stm32f4xx_hal_can.o
    0x08001d4a   0x08001d4a   0x00000002   PAD
    0x08001d4c   0x08001d4c   0x00000038   Code   RO         5176    i.HAL_CAN_RxFifo1MsgPendingCallback  bsp_can.o
    0x08001d84   0x08001d84   0x00000002   Code   RO         1870    i.HAL_CAN_SleepCallback  stm32f4xx_hal_can.o
    0x08001d86   0x08001d86   0x0000005e   Code   RO         1871    i.HAL_CAN_Start     stm32f4xx_hal_can.o
    0x08001de4   0x08001de4   0x00000002   Code   RO         1873    i.HAL_CAN_TxMailbox0AbortCallback  stm32f4xx_hal_can.o
    0x08001de6   0x08001de6   0x00000002   Code   RO         1874    i.HAL_CAN_TxMailbox0CompleteCallback  stm32f4xx_hal_can.o
    0x08001de8   0x08001de8   0x00000002   Code   RO         1875    i.HAL_CAN_TxMailbox1AbortCallback  stm32f4xx_hal_can.o
    0x08001dea   0x08001dea   0x00000002   Code   RO         1876    i.HAL_CAN_TxMailbox1CompleteCallback  stm32f4xx_hal_can.o
    0x08001dec   0x08001dec   0x00000002   Code   RO         1877    i.HAL_CAN_TxMailbox2AbortCallback  stm32f4xx_hal_can.o
    0x08001dee   0x08001dee   0x00000002   Code   RO         1878    i.HAL_CAN_TxMailbox2CompleteCallback  stm32f4xx_hal_can.o
    0x08001df0   0x08001df0   0x00000002   Code   RO         1880    i.HAL_CAN_WakeUpFromRxMsgCallback  stm32f4xx_hal_can.o
    0x08001df2   0x08001df2   0x000000ac   Code   RO         2586    i.HAL_DMA_Abort     stm32f4xx_hal_dma.o
    0x08001e9e   0x08001e9e   0x00000028   Code   RO         2587    i.HAL_DMA_Abort_IT  stm32f4xx_hal_dma.o
    0x08001ec6   0x08001ec6   0x00000006   Code   RO         2589    i.HAL_DMA_GetError  stm32f4xx_hal_dma.o
    0x08001ecc   0x08001ecc   0x00000240   Code   RO         2591    i.HAL_DMA_IRQHandler  stm32f4xx_hal_dma.o
    0x0800210c   0x0800210c   0x000000ec   Code   RO         2592    i.HAL_DMA_Init      stm32f4xx_hal_dma.o
    0x080021f8   0x080021f8   0x00000092   Code   RO         2596    i.HAL_DMA_Start_IT  stm32f4xx_hal_dma.o
    0x0800228a   0x0800228a   0x00000002   PAD
    0x0800228c   0x0800228c   0x000001f4   Code   RO         2479    i.HAL_GPIO_Init     stm32f4xx_hal_gpio.o
    0x08002480   0x08002480   0x00000010   Code   RO         2481    i.HAL_GPIO_ReadPin  stm32f4xx_hal_gpio.o
    0x08002490   0x08002490   0x0000000c   Code   RO         2483    i.HAL_GPIO_WritePin  stm32f4xx_hal_gpio.o
    0x0800249c   0x0800249c   0x0000000c   Code   RO         3034    i.HAL_GetTick       stm32f4xx_hal.o
    0x080024a8   0x080024a8   0x00000018   Code   RO         3040    i.HAL_IncTick       stm32f4xx_hal.o
    0x080024c0   0x080024c0   0x0000003c   Code   RO         3041    i.HAL_Init          stm32f4xx_hal.o
    0x080024fc   0x080024fc   0x000000b4   Code   RO          822    i.HAL_InitTick      stm32f4xx_hal_timebase_tim.o
    0x080025b0   0x080025b0   0x00000054   Code   RO          798    i.HAL_MspInit       stm32f4xx_hal_msp.o
    0x08002604   0x08002604   0x00000028   Code   RO         2871    i.HAL_NVIC_EnableIRQ  stm32f4xx_hal_cortex.o
    0x0800262c   0x0800262c   0x0000007c   Code   RO         2877    i.HAL_NVIC_SetPriority  stm32f4xx_hal_cortex.o
    0x080026a8   0x080026a8   0x00000028   Code   RO         2878    i.HAL_NVIC_SetPriorityGrouping  stm32f4xx_hal_cortex.o
    0x080026d0   0x080026d0   0x00000184   Code   RO         2080    i.HAL_RCC_ClockConfig  stm32f4xx_hal_rcc.o
    0x08002854   0x08002854   0x00000044   Code   RO         2084    i.HAL_RCC_GetClockConfig  stm32f4xx_hal_rcc.o
    0x08002898   0x08002898   0x0000000c   Code   RO         2085    i.HAL_RCC_GetHCLKFreq  stm32f4xx_hal_rcc.o
    0x080028a4   0x080028a4   0x00000020   Code   RO         2087    i.HAL_RCC_GetPCLK1Freq  stm32f4xx_hal_rcc.o
    0x080028c4   0x080028c4   0x00000020   Code   RO         2088    i.HAL_RCC_GetPCLK2Freq  stm32f4xx_hal_rcc.o
    0x080028e4   0x080028e4   0x000000ac   Code   RO         2089    i.HAL_RCC_GetSysClockFreq  stm32f4xx_hal_rcc.o
    0x08002990   0x08002990   0x0000049c   Code   RO         2092    i.HAL_RCC_OscConfig  stm32f4xx_hal_rcc.o
    0x08002e2c   0x08002e2c   0x00000002   Code   RO         1578    i.HAL_TIMEx_BreakCallback  stm32f4xx_hal_tim_ex.o
    0x08002e2e   0x08002e2e   0x00000002   Code   RO         1579    i.HAL_TIMEx_CommutCallback  stm32f4xx_hal_tim_ex.o
    0x08002e30   0x08002e30   0x000000b4   Code   RO         1597    i.HAL_TIMEx_MasterConfigSynchronization  stm32f4xx_hal_tim_ex.o
    0x08002ee4   0x08002ee4   0x00000066   Code   RO          863    i.HAL_TIM_Base_Init  stm32f4xx_hal_tim.o
    0x08002f4a   0x08002f4a   0x00000002   PAD
    0x08002f4c   0x08002f4c   0x00000144   Code   RO          405    i.HAL_TIM_Base_MspInit  tim.o
    0x08003090   0x08003090   0x000000a8   Code   RO          868    i.HAL_TIM_Base_Start_IT  stm32f4xx_hal_tim.o
    0x08003138   0x08003138   0x0000010c   Code   RO          872    i.HAL_TIM_ConfigClockSource  stm32f4xx_hal_tim.o
    0x08003244   0x08003244   0x00000002   Code   RO          897    i.HAL_TIM_IC_CaptureCallback  stm32f4xx_hal_tim.o
    0x08003246   0x08003246   0x0000016c   Code   RO          911    i.HAL_TIM_IRQHandler  stm32f4xx_hal_tim.o
    0x080033b2   0x080033b2   0x00000002   PAD
    0x080033b4   0x080033b4   0x00000138   Code   RO          406    i.HAL_TIM_MspPostInit  tim.o
    0x080034ec   0x080034ec   0x00000002   Code   RO          914    i.HAL_TIM_OC_DelayElapsedCallback  stm32f4xx_hal_tim.o
    0x080034ee   0x080034ee   0x00000104   Code   RO          935    i.HAL_TIM_PWM_ConfigChannel  stm32f4xx_hal_tim.o
    0x080035f2   0x080035f2   0x00000066   Code   RO          938    i.HAL_TIM_PWM_Init  stm32f4xx_hal_tim.o
    0x08003658   0x08003658   0x00000002   Code   RO          940    i.HAL_TIM_PWM_MspInit  stm32f4xx_hal_tim.o
    0x0800365a   0x0800365a   0x00000002   Code   RO          941    i.HAL_TIM_PWM_PulseFinishedCallback  stm32f4xx_hal_tim.o
    0x0800365c   0x0800365c   0x00000024   Code   RO           14    i.HAL_TIM_PeriodElapsedCallback  main.o
    0x08003680   0x08003680   0x00000002   Code   RO          954    i.HAL_TIM_TriggerCallback  stm32f4xx_hal_tim.o
    0x08003682   0x08003682   0x00000002   Code   RO         3291    i.HAL_UARTEx_RxEventCallback  stm32f4xx_hal_uart.o
    0x08003684   0x08003684   0x000000c4   Code   RO         3294    i.HAL_UART_AbortReceive  stm32f4xx_hal_uart.o
    0x08003748   0x08003748   0x00000002   Code   RO         3305    i.HAL_UART_ErrorCallback  stm32f4xx_hal_uart.o
    0x0800374a   0x0800374a   0x00000002   PAD
    0x0800374c   0x0800374c   0x000002e8   Code   RO         3308    i.HAL_UART_IRQHandler  stm32f4xx_hal_uart.o
    0x08003a34   0x08003a34   0x00000076   Code   RO         3309    i.HAL_UART_Init     stm32f4xx_hal_uart.o
    0x08003aaa   0x08003aaa   0x00000002   PAD
    0x08003aac   0x08003aac   0x00000688   Code   RO          477    i.HAL_UART_MspInit  usart.o
    0x08004134   0x08004134   0x0000002c   Code   RO         3313    i.HAL_UART_Receive_DMA  stm32f4xx_hal_uart.o
    0x08004160   0x08004160   0x00000002   Code   RO         3315    i.HAL_UART_RxCpltCallback  stm32f4xx_hal_uart.o
    0x08004162   0x08004162   0x00000002   Code   RO         3316    i.HAL_UART_RxHalfCpltCallback  stm32f4xx_hal_uart.o
    0x08004164   0x08004164   0x00000002   Code   RO         3320    i.HAL_UART_TxCpltCallback  stm32f4xx_hal_uart.o
    0x08004166   0x08004166   0x00000004   Code   RO          570    i.HardFault_Handler  stm32f4xx_it.o
    0x0800416a   0x0800416a   0x00000002   PAD
    0x0800416c   0x0800416c   0x00000044   Code   RO          333    i.MX_CAN1_Init      can.o
    0x080041b0   0x080041b0   0x00000044   Code   RO          334    i.MX_CAN2_Init      can.o
    0x080041f4   0x080041f4   0x00000108   Code   RO          380    i.MX_DMA_Init       dma.o
    0x080042fc   0x080042fc   0x000000d8   Code   RO          254    i.MX_FREERTOS_Init  freertos.o
    0x080043d4   0x080043d4   0x00000130   Code   RO          230    i.MX_GPIO_Init      gpio.o
    0x08004504   0x08004504   0x0000009c   Code   RO          407    i.MX_TIM12_Init     tim.o
    0x080045a0   0x080045a0   0x0000006c   Code   RO          408    i.MX_TIM3_Init      tim.o
    0x0800460c   0x0800460c   0x000000d4   Code   RO          409    i.MX_TIM4_Init      tim.o
    0x080046e0   0x080046e0   0x0000006c   Code   RO          410    i.MX_TIM5_Init      tim.o
    0x0800474c   0x0800474c   0x0000009c   Code   RO          411    i.MX_TIM9_Init      tim.o
    0x080047e8   0x080047e8   0x00000038   Code   RO          478    i.MX_UART4_Init     usart.o
    0x08004820   0x08004820   0x00000038   Code   RO          479    i.MX_UART5_Init     usart.o
    0x08004858   0x08004858   0x00000040   Code   RO          480    i.MX_USART1_UART_Init  usart.o
    0x08004898   0x08004898   0x00000038   Code   RO          481    i.MX_USART2_UART_Init  usart.o
    0x080048d0   0x080048d0   0x00000038   Code   RO          482    i.MX_USART3_UART_Init  usart.o
    0x08004908   0x08004908   0x00000038   Code   RO          483    i.MX_USART6_UART_Init  usart.o
    0x08004940   0x08004940   0x00000004   Code   RO          571    i.MemManage_Handler  stm32f4xx_it.o
    0x08004944   0x08004944   0x00000050   Code   RO         5461    i.MicroSwicth_Callback  micro_swicth.o
    0x08004994   0x08004994   0x00000054   Code   RO         5781    i.ModeSwitch_Task   modeswitch_task.o
    0x080049e8   0x080049e8   0x00000004   Code   RO          572    i.NMI_Handler       stm32f4xx_it.o
    0x080049ec   0x080049ec   0x00000170   Code   RO         5823    i.PID_Calculate     pid.o
    0x08004b5c   0x08004b5c   0x00000078   Code   RO         5824    i.PID_Init          pid.o
    0x08004bd4   0x08004bd4   0x00000090   Code   RO         5656    i.Relaod_Found_Zero  reload_task.o
    0x08004c64   0x08004c64   0x00000038   Code   RO         5657    i.Reload_Control    reload_task.o
    0x08004c9c   0x08004c9c   0x00000014   Code   RO         5658    i.Reload_Current_Set  reload_task.o
    0x08004cb0   0x08004cb0   0x00000020   Code   RO         5659    i.Reload_Data_Update  reload_task.o
    0x08004cd0   0x08004cd0   0x0000004c   Code   RO         5660    i.Reload_Motor_Init  reload_task.o
    0x08004d1c   0x08004d1c   0x00000034   Code   RO         5661    i.Reload_Pid_Cal    reload_task.o
    0x08004d50   0x08004d50   0x0000002c   Code   RO         5662    i.Reload_Task       reload_task.o
    0x08004d7c   0x08004d7c   0x0000000c   Code   RO         5496    i.Shoot_Control     shoot_task.o
    0x08004d88   0x08004d88   0x00000018   Code   RO         5497    i.Shoot_Current_Set  shoot_task.o
    0x08004da0   0x08004da0   0x00000070   Code   RO         5498    i.Shoot_Motor_Init  shoot_task.o
    0x08004e10   0x08004e10   0x0000005c   Code   RO         5499    i.Shoot_PID_calu    shoot_task.o
    0x08004e6c   0x08004e6c   0x00000018   Code   RO         5500    i.Shoot_Status_Init  shoot_task.o
    0x08004e84   0x08004e84   0x00000038   Code   RO         5501    i.Shoot_Task        shoot_task.o
    0x08004ebc   0x08004ebc   0x00000034   Code   RO         5502    i.Shoot_data_update  shoot_task.o
    0x08004ef0   0x08004ef0   0x0000000a   Code   RO          255    i.StartDefaultTask  freertos.o
    0x08004efa   0x08004efa   0x00000002   PAD
    0x08004efc   0x08004efc   0x00000034   Code   RO         5091    i.SysTick_Handler   port.o
    0x08004f30   0x08004f30   0x000000b4   Code   RO           15    i.SystemClock_Config  main.o
    0x08004fe4   0x08004fe4   0x00000014   Code   RO         3653    i.SystemInit        system_stm32f4xx.o
    0x08004ff8   0x08004ff8   0x00000010   Code   RO          573    i.TIM1_BRK_TIM9_IRQHandler  stm32f4xx_it.o
    0x08005008   0x08005008   0x00000010   Code   RO          574    i.TIM2_IRQHandler   stm32f4xx_it.o
    0x08005018   0x08005018   0x00000010   Code   RO          575    i.TIM3_IRQHandler   stm32f4xx_it.o
    0x08005028   0x08005028   0x00000010   Code   RO          576    i.TIM4_IRQHandler   stm32f4xx_it.o
    0x08005038   0x08005038   0x00000010   Code   RO          577    i.TIM5_IRQHandler   stm32f4xx_it.o
    0x08005048   0x08005048   0x00000010   Code   RO          578    i.TIM8_BRK_TIM12_IRQHandler  stm32f4xx_it.o
    0x08005058   0x08005058   0x000000e8   Code   RO          956    i.TIM_Base_SetConfig  stm32f4xx_hal_tim.o
    0x08005140   0x08005140   0x00000016   Code   RO          967    i.TIM_ETR_SetConfig  stm32f4xx_hal_tim.o
    0x08005156   0x08005156   0x00000012   Code   RO          968    i.TIM_ITRx_SetConfig  stm32f4xx_hal_tim.o
    0x08005168   0x08005168   0x00000070   Code   RO          969    i.TIM_OC1_SetConfig  stm32f4xx_hal_tim.o
    0x080051d8   0x080051d8   0x0000007c   Code   RO          970    i.TIM_OC2_SetConfig  stm32f4xx_hal_tim.o
    0x08005254   0x08005254   0x00000078   Code   RO          971    i.TIM_OC3_SetConfig  stm32f4xx_hal_tim.o
    0x080052cc   0x080052cc   0x00000054   Code   RO          972    i.TIM_OC4_SetConfig  stm32f4xx_hal_tim.o
    0x08005320   0x08005320   0x00000026   Code   RO          974    i.TIM_TI1_ConfigInputStage  stm32f4xx_hal_tim.o
    0x08005346   0x08005346   0x00000028   Code   RO          976    i.TIM_TI2_ConfigInputStage  stm32f4xx_hal_tim.o
    0x0800536e   0x0800536e   0x00000002   PAD
    0x08005370   0x08005370   0x00000010   Code   RO          579    i.UART4_IRQHandler  stm32f4xx_it.o
    0x08005380   0x08005380   0x00000010   Code   RO          580    i.UART5_IRQHandler  stm32f4xx_it.o
    0x08005390   0x08005390   0x00000014   Code   RO         3322    i.UART_DMAAbortOnError  stm32f4xx_hal_uart.o
    0x080053a4   0x080053a4   0x00000050   Code   RO         3323    i.UART_DMAError     stm32f4xx_hal_uart.o
    0x080053f4   0x080053f4   0x000000b4   Code   RO         3324    i.UART_DMAReceiveCplt  stm32f4xx_hal_uart.o
    0x080054a8   0x080054a8   0x00000024   Code   RO         3326    i.UART_DMARxHalfCplt  stm32f4xx_hal_uart.o
    0x080054cc   0x080054cc   0x0000006c   Code   RO         3332    i.UART_EndRxTransfer  stm32f4xx_hal_uart.o
    0x08005538   0x08005538   0x00000020   Code   RO         3333    i.UART_EndTransmit_IT  stm32f4xx_hal_uart.o
    0x08005558   0x08005558   0x00000026   Code   RO         3334    i.UART_EndTxTransfer  stm32f4xx_hal_uart.o
    0x0800557e   0x0800557e   0x000000fc   Code   RO         3335    i.UART_Receive_IT   stm32f4xx_hal_uart.o
    0x0800567a   0x0800567a   0x00000002   PAD
    0x0800567c   0x0800567c   0x0000022c   Code   RO         3336    i.UART_SetConfig    stm32f4xx_hal_uart.o
    0x080058a8   0x080058a8   0x000000c8   Code   RO         3337    i.UART_Start_Receive_DMA  stm32f4xx_hal_uart.o
    0x08005970   0x08005970   0x00000060   Code   RO         3339    i.UART_Transmit_IT  stm32f4xx_hal_uart.o
    0x080059d0   0x080059d0   0x00000014   Code   RO          581    i.USART1_IRQHandler  stm32f4xx_it.o
    0x080059e4   0x080059e4   0x00000010   Code   RO          582    i.USART2_IRQHandler  stm32f4xx_it.o
    0x080059f4   0x080059f4   0x00000010   Code   RO          583    i.USART3_IRQHandler  stm32f4xx_it.o
    0x08005a04   0x08005a04   0x00000010   Code   RO          584    i.USART6_IRQHandler  stm32f4xx_it.o
    0x08005a14   0x08005a14   0x00000034   Code   RO         5253    i.USER_UART_IDLECallback  bsp_usart.o
    0x08005a48   0x08005a48   0x00000032   Code   RO         5254    i.USER_UART_IRQHandler  bsp_usart.o
    0x08005a7a   0x08005a7a   0x00000002   PAD
    0x08005a7c   0x08005a7c   0x00000040   Code   RO         5255    i.USER_UART_Init    bsp_usart.o
    0x08005abc   0x08005abc   0x00000004   Code   RO          585    i.UsageFault_Handler  stm32f4xx_it.o
    0x08005ac0   0x08005ac0   0x0000009c   Code   RO         5412    i.User_Can1_CallBack  can_comm.o
    0x08005b5c   0x08005b5c   0x00000090   Code   RO         5413    i.User_Can2_CallBack  can_comm.o
    0x08005bec   0x08005bec   0x000000c2   Code   RO         5375    i.User_Decode       bsp_remote_et08.o
    0x08005cae   0x08005cae   0x00000002   PAD
    0x08005cb0   0x08005cb0   0x00000010   Code   RO         2884    i.__NVIC_GetPriorityGrouping  stm32f4xx_hal_cortex.o
    0x08005cc0   0x08005cc0   0x00000028   Code   RO         2885    i.__NVIC_SetPriority  stm32f4xx_hal_cortex.o
    0x08005ce8   0x08005ce8   0x0000000e   Code   RO         5971    i.__scatterload_copy  mc_w.l(handlers.o)
    0x08005cf6   0x08005cf6   0x00000002   Code   RO         5972    i.__scatterload_null  mc_w.l(handlers.o)
    0x08005cf8   0x08005cf8   0x0000000e   Code   RO         5973    i.__scatterload_zeroinit  mc_w.l(handlers.o)
    0x08005d06   0x08005d06   0x00000002   PAD
    0x08005d08   0x08005d08   0x000000a0   Code   RO         5177    i.can1_send_message  bsp_can.o
    0x08005da8   0x08005da8   0x00000098   Code   RO         5178    i.can2_send_message  bsp_can.o
    0x08005e40   0x08005e40   0x0000006c   Code   RO         5179    i.canx_init         bsp_can.o
    0x08005eac   0x08005eac   0x0000005c   Code   RO         5299    i.encoder_data_handler  dji_motor.o
    0x08005f08   0x08005f08   0x000000c8   Code   RO         5825    i.f_Changing_Integral_Rate  pid.o
    0x08005fd0   0x08005fd0   0x00000026   Code   RO         5826    i.f_Derivative_Filter  pid.o
    0x08005ff6   0x08005ff6   0x0000001a   Code   RO         5827    i.f_Derivative_On_Measurement  pid.o
    0x08006010   0x08006010   0x000000b4   Code   RO         5828    i.f_Integral_Limit  pid.o
    0x080060c4   0x080060c4   0x00000026   Code   RO         5829    i.f_Output_Filter   pid.o
    0x080060ea   0x080060ea   0x0000003e   Code   RO         5830    i.f_Output_Limit    pid.o
    0x08006128   0x08006128   0x000000a0   Code   RO         5831    i.f_PID_ErrorHandle  pid.o
    0x080061c8   0x080061c8   0x00000074   Code   RO         5832    i.f_PID_param_init  pid.o
    0x0800623c   0x0800623c   0x00000028   Code   RO         5833    i.f_PID_reset       pid.o
    0x08006264   0x08006264   0x0000003e   Code   RO         5834    i.f_Proportion_Limit  pid.o
    0x080062a2   0x080062a2   0x00000022   Code   RO         5835    i.f_Trapezoid_Intergral  pid.o
    0x080062c4   0x080062c4   0x00000010   Code   RO         5300    i.get_moto_offset   dji_motor.o
    0x080062d4   0x080062d4   0x00000010   Code   RO         4666    i.inHandlerMode     cmsis_os.o
    0x080062e4   0x080062e4   0x00000064   Code   RO           16    i.main              main.o
    0x08006348   0x08006348   0x0000000e   Code   RO         4668    i.makeFreeRtosPriority  cmsis_os.o
    0x08006356   0x08006356   0x00000018   Code   RO         4670    i.osDelay           cmsis_os.o
    0x0800636e   0x0800636e   0x0000001c   Code   RO         4671    i.osDelayUntil      cmsis_os.o
    0x0800638a   0x0800638a   0x0000000a   Code   RO         4673    i.osKernelStart     cmsis_os.o
    0x08006394   0x08006394   0x00000014   Code   RO         4674    i.osKernelSysTick   cmsis_os.o
    0x080063a8   0x080063a8   0x00000060   Code   RO         4704    i.osSignalSet       cmsis_os.o
    0x08006408   0x08006408   0x00000062   Code   RO         4705    i.osSignalWait      cmsis_os.o
    0x0800646a   0x0800646a   0x0000005e   Code   RO         4707    i.osThreadCreate    cmsis_os.o
    0x080064c8   0x080064c8   0x00000098   Code   RO         4170    i.prvAddCurrentTaskToDelayedList  tasks.o
    0x08006560   0x08006560   0x000000b4   Code   RO         4171    i.prvAddNewTaskToReadyList  tasks.o
    0x08006614   0x08006614   0x00000074   Code   RO         4512    i.prvCheckForValidListAndQueue  timers.o
    0x08006688   0x08006688   0x00000048   Code   RO         4172    i.prvCheckTasksWaitingTermination  tasks.o
    0x080066d0   0x080066d0   0x0000002a   Code   RO         3830    i.prvCopyDataFromQueue  queue.o
    0x080066fa   0x080066fa   0x0000007e   Code   RO         3831    i.prvCopyDataToQueue  queue.o
    0x08006778   0x08006778   0x00000050   Code   RO         4173    i.prvDeleteTCB      tasks.o
    0x080067c8   0x080067c8   0x00000028   Code   RO         4513    i.prvGetNextExpireTime  timers.o
    0x080067f0   0x080067f0   0x0000007c   Code   RO         5035    i.prvHeapInit       heap_4.o
    0x0800686c   0x0800686c   0x00000028   Code   RO         4174    i.prvIdleTask       tasks.o
    0x08006894   0x08006894   0x00000026   Code   RO         3834    i.prvInitialiseNewQueue  queue.o
    0x080068ba   0x080068ba   0x000000be   Code   RO         4175    i.prvInitialiseNewTask  tasks.o
    0x08006978   0x08006978   0x00000068   Code   RO         4176    i.prvInitialiseTaskLists  tasks.o
    0x080069e0   0x080069e0   0x00000068   Code   RO         5036    i.prvInsertBlockIntoFreeList  heap_4.o
    0x08006a48   0x08006a48   0x00000058   Code   RO         4515    i.prvInsertTimerInActiveList  timers.o
    0x08006aa0   0x08006aa0   0x0000001a   Code   RO         3835    i.prvIsQueueEmpty   queue.o
    0x08006aba   0x08006aba   0x0000001e   Code   RO         3836    i.prvIsQueueFull    queue.o
    0x08006ad8   0x08006ad8   0x00000074   Code   RO         4516    i.prvProcessExpiredTimer  timers.o
    0x08006b4c   0x08006b4c   0x00000138   Code   RO         4517    i.prvProcessReceivedCommands  timers.o
    0x08006c84   0x08006c84   0x00000074   Code   RO         4518    i.prvProcessTimerOrBlockTask  timers.o
    0x08006cf8   0x08006cf8   0x00000034   Code   RO         4177    i.prvResetNextTaskUnblockTime  tasks.o
    0x08006d2c   0x08006d2c   0x0000002c   Code   RO         4519    i.prvSampleTimeNow  timers.o
    0x08006d58   0x08006d58   0x000000a4   Code   RO         4520    i.prvSwitchTimerLists  timers.o
    0x08006dfc   0x08006dfc   0x00000040   Code   RO         5092    i.prvTaskExitError  port.o
    0x08006e3c   0x08006e3c   0x0000001a   Code   RO         4521    i.prvTimerTask      timers.o
    0x08006e56   0x08006e56   0x0000007e   Code   RO         3837    i.prvUnlockQueue    queue.o
    0x08006ed4   0x08006ed4   0x0000014c   Code   RO         5037    i.pvPortMalloc      heap_4.o
    0x08007020   0x08007020   0x0000002c   Code   RO         5093    i.pxPortInitialiseStack  port.o
    0x0800704c   0x0800704c   0x0000013c   Code   RO         5376    i.sbus_callback_handler  bsp_remote_et08.o
    0x08007188   0x08007188   0x00000030   Code   RO         5503    i.shoot_auto_handler  shoot_task.o
    0x080071b8   0x080071b8   0x00000018   Code   RO         5504    i.shoot_lock_handler  shoot_task.o
    0x080071d0   0x080071d0   0x0000008c   Code   RO         5505    i.shoot_mode_sw     shoot_task.o
    0x0800725c   0x0800725c   0x00000020   Code   RO         5506    i.shoot_protect_handler  shoot_task.o
    0x0800727c   0x0800727c   0x00000024   Code   RO         5507    i.shoot_remote_handler  shoot_task.o
    0x080072a0   0x080072a0   0x0000008c   Code   RO         5508    i.shoot_status_transition  shoot_task.o
    0x0800732c   0x0800732c   0x00000080   Code   RO         5782    i.sw1_mode_handler  modeswitch_task.o
    0x080073ac   0x080073ac   0x00000044   Code   RO         5783    i.unlock_init       modeswitch_task.o
    0x080073f0   0x080073f0   0x00000028   Code   RO         3790    i.uxListRemove      list.o
    0x08007418   0x08007418   0x00000018   Code   RO          256    i.vApplicationGetIdleTaskMemory  freertos.o
    0x08007430   0x08007430   0x00000018   Code   RO          257    i.vApplicationGetTimerTaskMemory  freertos.o
    0x08007448   0x08007448   0x0000001a   Code   RO         3791    i.vListInitialise   list.o
    0x08007462   0x08007462   0x00000006   Code   RO         3792    i.vListInitialiseItem  list.o
    0x08007468   0x08007468   0x00000034   Code   RO         3793    i.vListInsert       list.o
    0x0800749c   0x0800749c   0x00000018   Code   RO         3794    i.vListInsertEnd    list.o
    0x080074b4   0x080074b4   0x00000054   Code   RO         5095    i.vPortEnterCritical  port.o
    0x08007508   0x08007508   0x0000003c   Code   RO         5096    i.vPortExitCritical  port.o
    0x08007544   0x08007544   0x000000a4   Code   RO         5038    i.vPortFree         heap_4.o
    0x080075e8   0x080075e8   0x00000028   Code   RO         5097    i.vPortSetupTimerInterrupt  port.o
    0x08007610   0x08007610   0x00000078   Code   RO         5098    i.vPortValidateInterruptPriority  port.o
    0x08007688   0x08007688   0x0000002c   Code   RO         3841    i.vQueueAddToRegistry  queue.o
    0x080076b4   0x080076b4   0x0000004a   Code   RO         3844    i.vQueueWaitForMessageRestricted  queue.o
    0x080076fe   0x080076fe   0x00000002   PAD
    0x08007700   0x08007700   0x0000005c   Code   RO         4188    i.vTaskDelay        tasks.o
    0x0800775c   0x0800775c   0x000000d4   Code   RO         4189    i.vTaskDelayUntil   tasks.o
    0x08007830   0x08007830   0x00000018   Code   RO         4192    i.vTaskInternalSetTimeOutState  tasks.o
    0x08007848   0x08007848   0x0000000c   Code   RO         4193    i.vTaskMissedYield  tasks.o
    0x08007854   0x08007854   0x00000038   Code   RO         4195    i.vTaskPlaceOnEventList  tasks.o
    0x0800788c   0x0800788c   0x00000040   Code   RO         4196    i.vTaskPlaceOnEventListRestricted  tasks.o
    0x080078cc   0x080078cc   0x000000b8   Code   RO         4203    i.vTaskStartScheduler  tasks.o
    0x08007984   0x08007984   0x00000010   Code   RO         4205    i.vTaskSuspendAll   tasks.o
    0x08007994   0x08007994   0x0000008c   Code   RO         4206    i.vTaskSwitchContext  tasks.o
    0x08007a20   0x08007a20   0x00000168   Code   RO         5099    i.xPortStartScheduler  port.o
    0x08007b88   0x08007b88   0x000000e0   Code   RO         3848    i.xQueueGenericCreateStatic  queue.o
    0x08007c68   0x08007c68   0x00000098   Code   RO         3849    i.xQueueGenericReset  queue.o
    0x08007d00   0x08007d00   0x000001a8   Code   RO         3850    i.xQueueGenericSend  queue.o
    0x08007ea8   0x08007ea8   0x000000fc   Code   RO         3851    i.xQueueGenericSendFromISR  queue.o
    0x08007fa4   0x08007fa4   0x00000168   Code   RO         3857    i.xQueueReceive     queue.o
    0x0800810c   0x0800810c   0x0000008c   Code   RO         4208    i.xTaskCheckForTimeOut  tasks.o
    0x08008198   0x08008198   0x00000064   Code   RO         4209    i.xTaskCreate       tasks.o
    0x080081fc   0x080081fc   0x000000ba   Code   RO         4210    i.xTaskCreateStatic  tasks.o
    0x080082b6   0x080082b6   0x00000002   PAD
    0x080082b8   0x080082b8   0x00000128   Code   RO         4211    i.xTaskGenericNotify  tasks.o
    0x080083e0   0x080083e0   0x00000168   Code   RO         4212    i.xTaskGenericNotifyFromISR  tasks.o
    0x08008548   0x08008548   0x00000020   Code   RO         4214    i.xTaskGetSchedulerState  tasks.o
    0x08008568   0x08008568   0x0000000c   Code   RO         4215    i.xTaskGetTickCount  tasks.o
    0x08008574   0x08008574   0x00000014   Code   RO         4216    i.xTaskGetTickCountFromISR  tasks.o
    0x08008588   0x08008588   0x00000148   Code   RO         4217    i.xTaskIncrementTick  tasks.o
    0x080086d0   0x080086d0   0x000000a0   Code   RO         4219    i.xTaskNotifyWait   tasks.o
    0x08008770   0x08008770   0x000000c8   Code   RO         4220    i.xTaskPriorityDisinherit  tasks.o
    0x08008838   0x08008838   0x00000098   Code   RO         4222    i.xTaskRemoveFromEventList  tasks.o
    0x080088d0   0x080088d0   0x00000104   Code   RO         4223    i.xTaskResumeAll    tasks.o
    0x080089d4   0x080089d4   0x00000078   Code   RO         4528    i.xTimerCreateTimerTask  timers.o
    0x08008a4c   0x08008a4c   0x00000084   Code   RO         4529    i.xTimerGenericCommand  timers.o
    0x08008ad0   0x08008ad0   0x000000c4   Data   RO          259    .constdata          freertos.o
    0x08008b94   0x08008b94   0x00000008   Data   RO         2598    .constdata          stm32f4xx_hal_dma.o
    0x08008b9c   0x08008b9c   0x00000018   Data   RO         3654    .constdata          system_stm32f4xx.o
    0x08008bb4   0x08008bb4   0x0000002c   Data   RO         5415    .constdata          can_comm.o
    0x08008be0   0x08008be0   0x00000056   Data   RO          260    .conststring        freertos.o
    0x08008c36   0x08008c36   0x00000002   PAD
    0x08008c38   0x08008c38   0x00000020   Data   RO         5969    Region$$Table       anon$$obj.o


    Execution Region RW_IRAM1 (Exec base: 0x20000000, Load base: 0x08008c58, Size: 0x000057b8, Max: 0x0001c000, ABSOLUTE)

    Exec Addr    Load Addr    Size         Type   Attr      Idx    E Section Name        Object

    0x20000000   0x08008c58   0x0000001c   Data   RW          261    .data               freertos.o
    0x2000001c   0x08008c74   0x00000004   Data   RW          336    .data               can.o
    0x20000020   0x08008c78   0x00000009   Data   RW         3048    .data               stm32f4xx_hal.o
    0x20000029   0x08008c81   0x00000003   PAD
    0x2000002c   0x08008c84   0x00000004   Data   RW         3655    .data               system_stm32f4xx.o
    0x20000030   0x08008c88   0x0000003c   Data   RW         4226    .data               tasks.o
    0x2000006c   0x08008cc4   0x00000014   Data   RW         4535    .data               timers.o
    0x20000080   0x08008cd8   0x00000020   Data   RW         5044    .data               heap_4.o
    0x200000a0   0x08008cf8   0x0000000c   Data   RW         5100    .data               port.o
    0x200000ac   0x08008d04   0x00000010   Data   RW         5181    .data               bsp_can.o
    0x200000bc   0x08008d14   0x00000009   Data   RW         5416    .data               can_comm.o
    0x200000c5   0x08008d1d   0x00000001   PAD
    0x200000c6   0x08008d1e   0x00000004   Data   RW         5462    .data               micro_swicth.o
    0x200000ca   0x08008d22   0x00000002   PAD
    0x200000cc   0x08008d24   0x00000009   Data   RW         5510    .data               shoot_task.o
    0x200000d5   0x08008d2d   0x00000001   Data   RW         5607    .data               debug_task.o
    0x200000d6   0x08008d2e   0x00000004   Data   RW         5784    .data               modeswitch_task.o
    0x200000da   0x08008d32   0x00000002   PAD
    0x200000dc        -       0x000006a8   Zero   RW          258    .bss                freertos.o
    0x20000784        -       0x00000050   Zero   RW          335    .bss                can.o
    0x200007d4        -       0x00000168   Zero   RW          412    .bss                tim.o
    0x2000093c        -       0x00000630   Zero   RW          484    .bss                usart.o
    0x20000f6c        -       0x00000048   Zero   RW          825    .bss                stm32f4xx_hal_timebase_tim.o
    0x20000fb4        -       0x00000040   Zero   RW         3860    .bss                queue.o
    0x20000ff4        -       0x000000f0   Zero   RW         4225    .bss                tasks.o
    0x200010e4        -       0x000000e8   Zero   RW         4534    .bss                timers.o
    0x200011cc        -       0x00003c00   Zero   RW         5043    .bss                heap_4.o
    0x20004dcc        -       0x00000024   Zero   RW         5180    .bss                bsp_can.o
    0x20004df0        -       0x00000019   Zero   RW         5256    .bss                bsp_usart.o
    0x20004e09        -       0x0000002e   Zero   RW         5329    .bss                data_scope.o
    0x20004e37   0x08008d32   0x00000001   PAD
    0x20004e38        -       0x0000002c   Zero   RW         5377    .bss                bsp_remote_et08.o
    0x20004e64        -       0x00000060   Zero   RW         5414    .bss                can_comm.o
    0x20004ec4   0x08008d32   0x00000004   PAD
    0x20004ec8        -       0x00000128   Zero   RW         5509    .bss                shoot_task.o
    0x20004ff0        -       0x000000a0   Zero   RW         5663    .bss                reload_task.o
    0x20005090        -       0x00000128   Zero   RW         5722    .bss                gimbal_task.o
    0x200051b8        -       0x00000600   Zero   RW            1    STACK               startup_stm32f407xx.o


    Execution Region RW_IRAM2 (Exec base: 0x2001c000, Load base: 0x08008d34, Size: 0x00000000, Max: 0x00004000, ABSOLUTE)

    **** No section assigned to this execution region ****


==============================================================================

Image component sizes


      Code (inc. data)   RO Data    RW Data    ZI Data      Debug   Object Name

       960         72          0         16         36       7918   bsp_can.o
       510          0          0          0         44       2579   bsp_remote_et08.o
       166         20          0          0         25       2348   bsp_usart.o
       588         42          0          4         80       2594   can.o
       488         44         44          9         96       4046   can_comm.o
       400          4          0          0          0      32189   cmsis_os.o
       232         14          0          0         46       3112   data_scope.o
       524         40          0          1          0       2849   debug_task.o
       108          0          0          0          0       2033   dji_motor.o
       264          6          0          0          0        930   dma.o
         0          0          0          0          0      20020   event_groups.o
       274         52        282         28       1704       8606   freertos.o
       744        144          0          0        296       5566   gimbal_task.o
       304         14          0          0          0       1131   gpio.o
       724         74          0         32      15360       4983   heap_4.o
       148          0          0          0          0       3682   list.o
       322         22          0          0          0     732604   main.o
        80         16          0          4          0       1225   micro_swicth.o
       280         52          0          4          0       2581   modeswitch_task.o
      1444         40          0          0          0      10701   pid.o
      1014         92          0         12          0      12273   port.o
      1918         20          0          0         64      17664   queue.o
       424         92          0          0        160       3672   reload_task.o
       812        128          0          9        296      11371   shoot_task.o
        36          8        392          0       1536        856   startup_stm32f407xx.o
        96         20          0          9          0       8198   stm32f4xx_hal.o
      2200          6          0          0          0      14885   stm32f4xx_hal_can.o
       260         22          0          0          0      33674   stm32f4xx_hal_cortex.o
      1442         16          8          0          0       7829   stm32f4xx_hal_dma.o
       528         46          0          0          0       2863   stm32f4xx_hal_gpio.o
        84          6          0          0          0        898   stm32f4xx_hal_msp.o
      1884         90          0          0          0       6421   stm32f4xx_hal_rcc.o
      2064        112          0          0          0      15408   stm32f4xx_hal_tim.o
       184         30          0          0          0       2605   stm32f4xx_hal_tim_ex.o
       180         18          0          0         72       1527   stm32f4xx_hal_timebase_tim.o
      2710         28          0          0          0      16002   stm32f4xx_hal_uart.o
       538        190          0          0          0      19592   stm32f4xx_it.o
         0          0          0          0          0        392   stream_buffer.o
        20          6         24          4          0       1187   system_stm32f4xx.o
      3916        428          0         60        240      33766   tasks.o
      1376        102          0          0        360       5762   tim.o
      1274        124          0         20        232      30963   timers.o
      2016        184          0          0       1584       6403   usart.o

    ----------------------------------------------------------------------
     33580       2424        784        220      22236    1105908   Object Totals
         0          0         32          0          0          0   (incl. Generated)
        44          0          2          8          5          0   (incl. Padding)

    ----------------------------------------------------------------------

      Code (inc. data)   RO Data    RW Data    ZI Data      Debug   Library Member Name

         0          0          0          0          0          0   entry.o
         0          0          0          0          0          0   entry10a.o
         0          0          0          0          0          0   entry11a.o
         8          4          0          0          0          0   entry2.o
         4          0          0          0          0          0   entry5.o
         0          0          0          0          0          0   entry7b.o
         0          0          0          0          0          0   entry8b.o
         8          4          0          0          0          0   entry9a.o
        30          0          0          0          0          0   handlers.o
        36          8          0          0          0         68   init.o
         0          0          0          0          0          0   iusefp.o
        30          0          0          0          0         68   llshl.o
        36          0          0          0          0         68   llsshr.o
        32          0          0          0          0         68   llushr.o
        36          0          0          0          0         68   memcpya.o
        36          0          0          0          0        108   memseta.o
        98          0          0          0          0         92   uldiv.o
        56          0          0          0          0         88   d2f.o
       334          0          0          0          0        148   dadd.o
       222          0          0          0          0        100   ddiv.o
       186          0          0          0          0        176   depilogue.o
        34          0          0          0          0         76   dflti.o
       228          0          0          0          0         96   dmul.o
        38          0          0          0          0         68   f2d.o
       110          0          0          0          0        168   fepilogue.o

    ----------------------------------------------------------------------
      1564         16          0          0          0       1460   Library Totals
         2          0          0          0          0          0   (incl. Padding)

    ----------------------------------------------------------------------

      Code (inc. data)   RO Data    RW Data    ZI Data      Debug   Library Name

       354         16          0          0          0        540   mc_w.l
      1208          0          0          0          0        920   mf_w.l

    ----------------------------------------------------------------------
      1564         16          0          0          0       1460   Library Totals

    ----------------------------------------------------------------------

==============================================================================


      Code (inc. data)   RO Data    RW Data    ZI Data      Debug   

     35144       2440        784        220      22236    1076448   Grand Totals
     35144       2440        784        220      22236    1076448   ELF Image Totals
     35144       2440        784        220          0          0   ROM Totals

==============================================================================

    Total RO  Size (Code + RO Data)                35928 (  35.09kB)
    Total RW  Size (RW Data + ZI Data)             22456 (  21.93kB)
    Total ROM Size (Code + RO Data + RW Data)      36148 (  35.30kB)

==============================================================================

